[2026-05-19 04:25:38Z INFO HostContext] No proxy settings were found based on environmental variables (http_proxy/https_proxy/HTTP_PROXY/HTTPS_PROXY)
[2026-05-19 04:25:38Z INFO HostContext] Well known directory 'Bin': 'C:\Code base\bugsense apr 24\studio\actions-runner\bin'
[2026-05-19 04:25:38Z INFO HostContext] Well known directory 'Root': 'C:\Code base\bugsense apr 24\studio\actions-runner'
[2026-05-19 04:25:38Z INFO HostContext] Well known config file 'Credentials': 'C:\Code base\bugsense apr 24\studio\actions-runner\.credentials'
[2026-05-19 04:25:38Z INFO HostContext] Well known directory 'Bin': 'C:\Code base\bugsense apr 24\studio\actions-runner\bin'
[2026-05-19 04:25:38Z INFO HostContext] Well known directory 'Root': 'C:\Code base\bugsense apr 24\studio\actions-runner'
[2026-05-19 04:25:38Z INFO HostContext] Well known config file 'Runner': 'C:\Code base\bugsense apr 24\studio\actions-runner\.runner'
[2026-05-19 04:25:38Z INFO Listener] Runner is built for Windows (X64) - win-x64.
[2026-05-19 04:25:38Z INFO Listener] RuntimeInformation: Microsoft Windows 10.0.26100.
[2026-05-19 04:25:38Z INFO Listener] Version: 2.322.0
[2026-05-19 04:25:38Z INFO Listener] Commit: 0edc478ca75d0a753dcbcec7405f3f26db67b1ac
[2026-05-19 04:25:38Z INFO Listener] Culture: en-US
[2026-05-19 04:25:38Z INFO Listener] UI Culture: en-US
[2026-05-19 04:25:38Z INFO HostContext] Well known directory 'Bin': 'C:\Code base\bugsense apr 24\studio\actions-runner\bin'
[2026-05-19 04:25:38Z INFO HostContext] Well known directory 'Root': 'C:\Code base\bugsense apr 24\studio\actions-runner'
[2026-05-19 04:25:38Z INFO Listener] Validating directory permissions for: 'C:\Code base\bugsense apr 24\studio\actions-runner'
[2026-05-19 04:25:38Z INFO CommandLineParser] Parse
[2026-05-19 04:25:38Z INFO CommandLineParser] Parsing 5 args
[2026-05-19 04:25:38Z INFO CommandLineParser] parsing argument
[2026-05-19 04:25:38Z INFO CommandLineParser] HasArgs: False
[2026-05-19 04:25:38Z INFO CommandLineParser] Adding Command: configure
[2026-05-19 04:25:38Z INFO CommandLineParser] parsing argument
[2026-05-19 04:25:38Z INFO CommandLineParser] HasArgs: True
[2026-05-19 04:25:38Z INFO CommandLineParser] arg: url
[2026-05-19 04:25:38Z INFO CommandLineParser] parsing argument
[2026-05-19 04:25:38Z INFO CommandLineParser] HasArgs: True
[2026-05-19 04:25:38Z INFO CommandLineParser] Adding option 'url': 'https://github.com/divagarkarunanidhi/studio'
[2026-05-19 04:25:38Z INFO CommandLineParser] parsing argument
[2026-05-19 04:25:38Z INFO CommandLineParser] HasArgs: True
[2026-05-19 04:25:38Z INFO CommandLineParser] arg: token
[2026-05-19 04:25:38Z INFO CommandLineParser] parsing argument
[2026-05-19 04:25:38Z INFO CommandLineParser] HasArgs: True
[2026-05-19 04:25:38Z INFO CommandLineParser] Adding option 'token': '***'
[2026-05-19 04:25:38Z INFO Listener] Arguments parsed
[2026-05-19 04:25:38Z INFO Runner] ExecuteCommand
[2026-05-19 04:25:38Z INFO ConfigurationStore] currentAssemblyLocation: C:\Code base\bugsense apr 24\studio\actions-runner\bin\Runner.Listener.dll
[2026-05-19 04:25:38Z INFO HostContext] Well known directory 'Bin': 'C:\Code base\bugsense apr 24\studio\actions-runner\bin'
[2026-05-19 04:25:38Z INFO ConfigurationStore] binPath: C:\Code base\bugsense apr 24\studio\actions-runner\bin
[2026-05-19 04:25:38Z INFO HostContext] Well known directory 'Bin': 'C:\Code base\bugsense apr 24\studio\actions-runner\bin'
[2026-05-19 04:25:38Z INFO HostContext] Well known directory 'Root': 'C:\Code base\bugsense apr 24\studio\actions-runner'
[2026-05-19 04:25:38Z INFO ConfigurationStore] RootFolder: C:\Code base\bugsense apr 24\studio\actions-runner
[2026-05-19 04:25:38Z INFO HostContext] Well known directory 'Bin': 'C:\Code base\bugsense apr 24\studio\actions-runner\bin'
[2026-05-19 04:25:38Z INFO HostContext] Well known directory 'Root': 'C:\Code base\bugsense apr 24\studio\actions-runner'
[2026-05-19 04:25:38Z INFO HostContext] Well known config file 'Runner': 'C:\Code base\bugsense apr 24\studio\actions-runner\.runner'
[2026-05-19 04:25:38Z INFO ConfigurationStore] ConfigFilePath: C:\Code base\bugsense apr 24\studio\actions-runner\.runner
[2026-05-19 04:25:38Z INFO HostContext] Well known directory 'Bin': 'C:\Code base\bugsense apr 24\studio\actions-runner\bin'
[2026-05-19 04:25:38Z INFO HostContext] Well known directory 'Root': 'C:\Code base\bugsense apr 24\studio\actions-runner'
[2026-05-19 04:25:38Z INFO HostContext] Well known config file 'Credentials': 'C:\Code base\bugsense apr 24\studio\actions-runner\.credentials'
[2026-05-19 04:25:38Z INFO ConfigurationStore] CredFilePath: C:\Code base\bugsense apr 24\studio\actions-runner\.credentials
[2026-05-19 04:25:38Z INFO HostContext] Well known directory 'Bin': 'C:\Code base\bugsense apr 24\studio\actions-runner\bin'
[2026-05-19 04:25:38Z INFO HostContext] Well known directory 'Root': 'C:\Code base\bugsense apr 24\studio\actions-runner'
[2026-05-19 04:25:38Z INFO HostContext] Well known config file 'MigratedCredentials': 'C:\Code base\bugsense apr 24\studio\actions-runner\.credentials_migrated'
[2026-05-19 04:25:38Z INFO ConfigurationStore] MigratedCredFilePath: C:\Code base\bugsense apr 24\studio\actions-runner\.credentials_migrated
[2026-05-19 04:25:38Z INFO HostContext] Well known directory 'Bin': 'C:\Code base\bugsense apr 24\studio\actions-runner\bin'
[2026-05-19 04:25:38Z INFO HostContext] Well known directory 'Root': 'C:\Code base\bugsense apr 24\studio\actions-runner'
[2026-05-19 04:25:38Z INFO HostContext] Well known config file 'Service': 'C:\Code base\bugsense apr 24\studio\actions-runner\.service'
[2026-05-19 04:25:38Z INFO ConfigurationStore] ServiceConfigFilePath: C:\Code base\bugsense apr 24\studio\actions-runner\.service
[2026-05-19 04:25:38Z INFO CommandSettings] Flag 'help': 'False'
[2026-05-19 04:25:38Z INFO CommandSettings] Flag 'version': 'False'
[2026-05-19 04:25:38Z INFO CommandSettings] Flag 'commit': 'False'
[2026-05-19 04:25:38Z INFO CommandSettings] Flag 'check': 'False'
[2026-05-19 04:25:38Z INFO CommandSettings] Command 'configure': 'True'
[2026-05-19 04:25:38Z INFO Terminal] WRITE LINE: 
[2026-05-19 04:25:38Z INFO Terminal] WRITE LINE: --------------------------------------------------------------------------------
[2026-05-19 04:25:38Z INFO Terminal] WRITE LINE: |        ____ _ _   _   _       _          _        _   _                      |
[2026-05-19 04:25:38Z INFO Terminal] WRITE LINE: |       / ___(_) |_| | | |_   _| |__      / \   ___| |_(_) ___  _ __  ___      |
[2026-05-19 04:25:38Z INFO Terminal] WRITE LINE: |      | |  _| | __| |_| | | | | '_ \    / _ \ / __| __| |/ _ \| '_ \/ __|     |
[2026-05-19 04:25:38Z INFO Terminal] WRITE LINE: |      | |_| | | |_|  _  | |_| | |_) |  / ___ \ (__| |_| | (_) | | | \__ \     |
[2026-05-19 04:25:38Z INFO Terminal] WRITE LINE: |       \____|_|\__|_| |_|\__,_|_.__/  /_/   \_\___|\__|_|\___/|_| |_|___/     |
[2026-05-19 04:25:38Z INFO Terminal] WRITE LINE: |                                                                              |
[2026-05-19 04:25:38Z INFO Terminal] WRITE: |                       
[2026-05-19 04:25:38Z INFO Terminal] WRITE: Self-hosted runner registration
[2026-05-19 04:25:38Z INFO Terminal] WRITE LINE:                         |
[2026-05-19 04:25:38Z INFO Terminal] WRITE LINE: |                                                                              |
[2026-05-19 04:25:38Z INFO Terminal] WRITE LINE: --------------------------------------------------------------------------------
[2026-05-19 04:25:38Z INFO ConfigurationManager] ConfigureAsync
[2026-05-19 04:25:38Z INFO CommandSettings] Flag 'generateServiceConfig': 'False'
[2026-05-19 04:25:38Z INFO ConfigurationStore] IsConfigured()
[2026-05-19 04:25:38Z INFO ConfigurationStore] IsConfigured: False
[2026-05-19 04:25:38Z INFO ConfigurationManager] Is configured: False
[2026-05-19 04:25:38Z INFO CommandSettings] Arg 'url': 'https://github.com/divagarkarunanidhi/studio'
[2026-05-19 04:25:38Z INFO CommandSettings] Remove url from Arg dictionary.
[2026-05-19 04:25:38Z INFO CommandSettings] Arg 'token': '***'
[2026-05-19 04:25:38Z INFO CommandSettings] Remove token from Arg dictionary.
[2026-05-19 04:25:50Z INFO ConfigurationManager] Http response code: OK from 'POST https://api.github.com/actions/runner-registration' (F838:FCD78:393122:47D6A7:6A0BE64D)
[2026-05-19 04:25:51Z INFO ConfigurationManager] Using V2 flow: False
[2026-05-19 04:25:51Z INFO ConfigurationManager] cred retrieved via GitHub auth
[2026-05-19 04:25:51Z INFO RunnerServer] EstablishVssConnection
[2026-05-19 04:25:51Z INFO RunnerServer] Establish connection with 100 seconds timeout.
[2026-05-19 04:25:51Z INFO GitHubActionsService] Starting operation Location.GetConnectionData
[2026-05-19 04:25:51Z INFO RunnerServer] EstablishVssConnection
[2026-05-19 04:25:51Z INFO RunnerServer] Establish connection with 60 seconds timeout.
[2026-05-19 04:25:51Z INFO GitHubActionsService] Starting operation Location.GetConnectionData
[2026-05-19 04:25:51Z INFO RunnerServer] EstablishVssConnection
[2026-05-19 04:25:51Z INFO RunnerServer] Establish connection with 60 seconds timeout.
[2026-05-19 04:25:51Z INFO GitHubActionsService] Starting operation Location.GetConnectionData
[2026-05-19 04:25:53Z INFO GitHubActionsService] Finished operation Location.GetConnectionData
[2026-05-19 04:25:53Z INFO GitHubActionsService] Finished operation Location.GetConnectionData
[2026-05-19 04:25:54Z INFO GitHubActionsService] Finished operation Location.GetConnectionData
[2026-05-19 04:25:54Z INFO Terminal] WRITE LINE: 
[2026-05-19 04:25:54Z INFO ConfigurationManager] Test Connection complete.
[2026-05-19 04:25:54Z INFO HostContext] Well known directory 'Bin': 'C:\Code base\bugsense apr 24\studio\actions-runner\bin'
[2026-05-19 04:25:54Z INFO HostContext] Well known directory 'Root': 'C:\Code base\bugsense apr 24\studio\actions-runner'
[2026-05-19 04:25:54Z INFO HostContext] Well known config file 'RSACredentials': 'C:\Code base\bugsense apr 24\studio\actions-runner\.credentials_rsaparams'
[2026-05-19 04:25:54Z INFO RSAEncryptedFileKeyManager] Creating new RSA key using 2048-bit key length
[2026-05-19 04:25:55Z INFO RSAEncryptedFileKeyManager] Successfully saved RSA key parameters to file C:\Code base\bugsense apr 24\studio\actions-runner\.credentials_rsaparams
[2026-05-19 04:25:55Z INFO CommandSettings] Arg 'runnergroup': ''
[2026-05-19 04:25:55Z INFO CommandSettings] Flag 'unattended': 'False'
[2026-05-19 04:25:55Z INFO PromptManager] ReadValue
[2026-05-19 04:25:55Z INFO Terminal] WRITE: Enter the name of the runner group to add this runner to: 
[2026-05-19 04:25:55Z INFO Terminal] WRITE: [press Enter for Default] 
[2026-05-19 04:25:55Z INFO Terminal] READ LINE
[2026-05-19 04:26:14Z INFO Terminal] Read value: ''
[2026-05-19 04:26:14Z INFO PromptManager] Falling back to the default: 'Default'
[2026-05-19 04:26:14Z INFO Terminal] WRITE LINE: 
[2026-05-19 04:26:14Z INFO ConfigurationManager] Found a self-hosted runner group with id 1 and name Default
[2026-05-19 04:26:14Z INFO CommandSettings] Flag 'disableupdate': 'False'
[2026-05-19 04:26:14Z INFO CommandSettings] Flag 'ephemeral': 'False'
[2026-05-19 04:26:14Z INFO CommandSettings] Arg 'name': ''
[2026-05-19 04:26:14Z INFO CommandSettings] Flag 'unattended': 'False'
[2026-05-19 04:26:14Z INFO PromptManager] ReadValue
[2026-05-19 04:26:14Z INFO Terminal] WRITE: Enter the name of runner: 
[2026-05-19 04:26:14Z INFO Terminal] WRITE: [press Enter for INMAAWNE5848254] 
[2026-05-19 04:26:14Z INFO Terminal] READ LINE
[2026-05-19 04:26:15Z INFO Terminal] Read value: ''
[2026-05-19 04:26:15Z INFO PromptManager] Falling back to the default: 'INMAAWNE5848254'
[2026-05-19 04:26:15Z INFO Terminal] WRITE LINE: 
[2026-05-19 04:26:15Z INFO CommandSettings] Arg 'labels': ''
[2026-05-19 04:26:15Z INFO CommandSettings] Flag 'unattended': 'False'
[2026-05-19 04:26:15Z INFO PromptManager] ReadValue
[2026-05-19 04:26:15Z INFO Terminal] WRITE: This runner will have the following labels: 'self-hosted', 'Windows', 'X64' 
Enter any additional labels (ex. label-1,label-2): 
[2026-05-19 04:26:15Z INFO Terminal] WRITE: [press Enter to skip] 
[2026-05-19 04:26:15Z INFO Terminal] READ LINE
[2026-05-19 04:26:17Z INFO Terminal] Read value: ''
[2026-05-19 04:26:17Z INFO Terminal] WRITE LINE: 
[2026-05-19 04:26:17Z INFO Terminal] WRITE LINE: A runner exists with the same name
[2026-05-19 04:26:17Z INFO CommandSettings] Flag 'replace': 'False'
[2026-05-19 04:26:17Z INFO CommandSettings] Flag 'unattended': 'False'
[2026-05-19 04:26:17Z INFO PromptManager] ReadValue
[2026-05-19 04:26:17Z INFO Terminal] WRITE: Would you like to replace the existing runner? (Y/N) 
[2026-05-19 04:26:17Z INFO Terminal] WRITE: [press Enter for N] 
[2026-05-19 04:26:17Z INFO Terminal] READ LINE
[2026-05-19 04:26:22Z INFO Terminal] Read value: 'n'
[2026-05-19 04:26:22Z INFO CommandSettings] Flag 'unattended': 'False'
[2026-05-19 04:26:22Z INFO CommandSettings] Flag 'disableupdate': 'False'
[2026-05-19 04:26:22Z INFO CommandSettings] Flag 'ephemeral': 'False'
[2026-05-19 04:26:22Z INFO CommandSettings] Arg 'name': ''
[2026-05-19 04:26:22Z INFO CommandSettings] Flag 'unattended': 'False'
[2026-05-19 04:26:22Z INFO PromptManager] ReadValue
[2026-05-19 04:26:22Z INFO Terminal] WRITE: Enter the name of runner: 
[2026-05-19 04:26:22Z INFO Terminal] WRITE: [press Enter for INMAAWNE5848254] 
[2026-05-19 04:26:22Z INFO Terminal] READ LINE
[2026-05-19 04:26:25Z INFO Terminal] Read value: ''
[2026-05-19 04:26:25Z INFO PromptManager] Falling back to the default: 'INMAAWNE5848254'
[2026-05-19 04:26:25Z INFO Terminal] WRITE LINE: 
[2026-05-19 04:26:25Z INFO CommandSettings] Arg 'labels': ''
[2026-05-19 04:26:25Z INFO CommandSettings] Flag 'unattended': 'False'
[2026-05-19 04:26:25Z INFO PromptManager] ReadValue
[2026-05-19 04:26:25Z INFO Terminal] WRITE: This runner will have the following labels: 'self-hosted', 'Windows', 'X64' 
Enter any additional labels (ex. label-1,label-2): 
[2026-05-19 04:26:25Z INFO Terminal] WRITE: [press Enter to skip] 
[2026-05-19 04:26:25Z INFO Terminal] READ LINE
[2026-05-19 04:26:28Z INFO Terminal] Read value: ''
[2026-05-19 04:26:28Z INFO Terminal] WRITE LINE: 
[2026-05-19 04:26:28Z INFO Terminal] WRITE LINE: A runner exists with the same name
[2026-05-19 04:26:28Z INFO CommandSettings] Flag 'replace': 'False'
[2026-05-19 04:26:28Z INFO CommandSettings] Flag 'unattended': 'False'
[2026-05-19 04:26:28Z INFO PromptManager] ReadValue
[2026-05-19 04:26:28Z INFO Terminal] WRITE: Would you like to replace the existing runner? (Y/N) 
[2026-05-19 04:26:28Z INFO Terminal] WRITE: [press Enter for N] 
[2026-05-19 04:26:28Z INFO Terminal] READ LINE
[2026-05-19 04:26:33Z INFO Terminal] Read value: 'Y'
[2026-05-19 04:26:33Z INFO CommandSettings] Flag 'disableupdate': 'False'
[2026-05-19 04:26:33Z INFO CommandSettings] Flag 'no-default-labels': 'False'
[2026-05-19 04:26:34Z INFO CommandSettings] Flag 'disableupdate': 'False'
[2026-05-19 04:26:34Z INFO CommandSettings] Flag 'ephemeral': 'False'
[2026-05-19 04:26:34Z INFO ConfigurationStore] Saving OAuth credential @ C:\Code base\bugsense apr 24\studio\actions-runner\.credentials
[2026-05-19 04:26:34Z INFO ConfigurationStore] Credentials Saved.
[2026-05-19 04:26:34Z INFO ConfigurationStore] HasCredentials()
[2026-05-19 04:26:34Z INFO ConfigurationStore] stored True
[2026-05-19 04:26:34Z INFO CredentialManager] GetCredentialProvider
[2026-05-19 04:26:34Z INFO CredentialManager] Creating type OAuth
[2026-05-19 04:26:34Z INFO CredentialManager] Creating credential type: OAuth
[2026-05-19 04:26:34Z INFO RSAEncryptedFileKeyManager] Loading RSA key parameters from file C:\Code base\bugsense apr 24\studio\actions-runner\.credentials_rsaparams
[2026-05-19 04:26:34Z INFO RunnerServer] EstablishVssConnection
[2026-05-19 04:26:34Z INFO RunnerServer] Establish connection with 100 seconds timeout.
[2026-05-19 04:26:34Z INFO GitHubActionsService] Starting operation Location.GetConnectionData
[2026-05-19 04:26:34Z INFO RunnerServer] EstablishVssConnection
[2026-05-19 04:26:34Z INFO RunnerServer] Establish connection with 60 seconds timeout.
[2026-05-19 04:26:34Z INFO GitHubActionsService] Starting operation Location.GetConnectionData
[2026-05-19 04:26:34Z INFO RunnerServer] EstablishVssConnection
[2026-05-19 04:26:34Z INFO RunnerServer] Establish connection with 60 seconds timeout.
[2026-05-19 04:26:34Z INFO GitHubActionsService] Starting operation Location.GetConnectionData
[2026-05-19 04:26:35Z INFO GitHubActionsService] Finished operation Location.GetConnectionData
[2026-05-19 04:26:36Z INFO GitHubActionsService] Finished operation Location.GetConnectionData
[2026-05-19 04:26:36Z INFO GitHubActionsService] Finished operation Location.GetConnectionData
[2026-05-19 04:26:36Z INFO RSAEncryptedFileKeyManager] Loading RSA key parameters from file C:\Code base\bugsense apr 24\studio\actions-runner\.credentials_rsaparams
[2026-05-19 04:26:36Z INFO RSAEncryptedFileKeyManager] Loading RSA key parameters from file C:\Code base\bugsense apr 24\studio\actions-runner\.credentials_rsaparams
[2026-05-19 04:26:38Z INFO GitHubActionsService] AAD Correlation ID for this token request: Unknown
[2026-05-19 04:26:38Z WARN GitHubActionsService] Retrieving an AAD auth token took a long time (2.1327569 seconds)
[2026-05-19 04:26:39Z INFO CommandSettings] Arg 'work': ''
[2026-05-19 04:26:39Z INFO CommandSettings] Flag 'unattended': 'False'
[2026-05-19 04:26:39Z INFO PromptManager] ReadValue
[2026-05-19 04:26:39Z INFO Terminal] WRITE: Enter name of work folder: 
[2026-05-19 04:26:39Z INFO Terminal] WRITE: [press Enter for _work] 
[2026-05-19 04:26:39Z INFO Terminal] READ LINE
[2026-05-19 04:26:41Z INFO Terminal] Read value: ''
[2026-05-19 04:26:41Z INFO PromptManager] Falling back to the default: '_work'
[2026-05-19 04:26:41Z INFO ConfigurationStore] Saving runner settings.
[2026-05-19 04:26:41Z INFO ConfigurationStore] Settings Saved.
[2026-05-19 04:26:41Z INFO Terminal] WRITE LINE: 
[2026-05-19 04:26:41Z INFO Terminal] WRITE LINE: 
[2026-05-19 04:26:41Z INFO CommandSettings] Flag 'runasservice': 'False'
[2026-05-19 04:26:41Z INFO CommandSettings] Flag 'unattended': 'False'
[2026-05-19 04:26:41Z INFO PromptManager] ReadValue
[2026-05-19 04:26:41Z INFO Terminal] WRITE: Would you like to run the runner as service? (Y/N) 
[2026-05-19 04:26:41Z INFO Terminal] WRITE: [press Enter for N] 
[2026-05-19 04:26:41Z INFO Terminal] READ LINE
[2026-05-19 04:26:46Z INFO Terminal] Read value: ''
[2026-05-19 04:26:46Z INFO PromptManager] Falling back to the default: 'N'
[2026-05-19 04:26:46Z INFO Listener] Runner execution has finished with return code 0
