[2026-05-19 05:19:55Z INFO HostContext] No proxy settings were found based on environmental variables (http_proxy/https_proxy/HTTP_PROXY/HTTPS_PROXY)
[2026-05-19 05:19:55Z INFO HostContext] Well known directory 'Bin': 'C:\Code base\bugsense apr 24\studio\actions-runner\bin'
[2026-05-19 05:19:55Z INFO HostContext] Well known directory 'Root': 'C:\Code base\bugsense apr 24\studio\actions-runner'
[2026-05-19 05:19:55Z INFO HostContext] Well known config file 'Credentials': 'C:\Code base\bugsense apr 24\studio\actions-runner\.credentials'
[2026-05-19 05:19:55Z INFO HostContext] Well known directory 'Bin': 'C:\Code base\bugsense apr 24\studio\actions-runner\bin'
[2026-05-19 05:19:55Z INFO HostContext] Well known directory 'Root': 'C:\Code base\bugsense apr 24\studio\actions-runner'
[2026-05-19 05:19:55Z INFO HostContext] Well known config file 'Runner': 'C:\Code base\bugsense apr 24\studio\actions-runner\.runner'
[2026-05-19 05:19:55Z INFO Listener] Runner is built for Windows (X64) - win-x64.
[2026-05-19 05:19:55Z INFO Listener] RuntimeInformation: Microsoft Windows 10.0.26100.
[2026-05-19 05:19:55Z INFO Listener] Version: 2.322.0
[2026-05-19 05:19:55Z INFO Listener] Commit: 0edc478ca75d0a753dcbcec7405f3f26db67b1ac
[2026-05-19 05:19:55Z INFO Listener] Culture: en-US
[2026-05-19 05:19:55Z INFO Listener] UI Culture: en-US
[2026-05-19 05:19:55Z INFO HostContext] Well known directory 'Bin': 'C:\Code base\bugsense apr 24\studio\actions-runner\bin'
[2026-05-19 05:19:55Z INFO HostContext] Well known directory 'Root': 'C:\Code base\bugsense apr 24\studio\actions-runner'
[2026-05-19 05:19:55Z INFO Listener] Validating directory permissions for: 'C:\Code base\bugsense apr 24\studio\actions-runner'
[2026-05-19 05:19:55Z INFO CommandLineParser] Parse
[2026-05-19 05:19:55Z INFO CommandLineParser] Parsing 1 args
[2026-05-19 05:19:55Z INFO CommandLineParser] parsing argument
[2026-05-19 05:19:55Z INFO CommandLineParser] HasArgs: False
[2026-05-19 05:19:55Z INFO CommandLineParser] Adding Command: run
[2026-05-19 05:19:55Z INFO Listener] Arguments parsed
[2026-05-19 05:19:55Z INFO Runner] ExecuteCommand
[2026-05-19 05:19:55Z INFO ConfigurationStore] currentAssemblyLocation: C:\Code base\bugsense apr 24\studio\actions-runner\bin\Runner.Listener.dll
[2026-05-19 05:19:55Z INFO HostContext] Well known directory 'Bin': 'C:\Code base\bugsense apr 24\studio\actions-runner\bin'
[2026-05-19 05:19:55Z INFO ConfigurationStore] binPath: C:\Code base\bugsense apr 24\studio\actions-runner\bin
[2026-05-19 05:19:55Z INFO HostContext] Well known directory 'Bin': 'C:\Code base\bugsense apr 24\studio\actions-runner\bin'
[2026-05-19 05:19:55Z INFO HostContext] Well known directory 'Root': 'C:\Code base\bugsense apr 24\studio\actions-runner'
[2026-05-19 05:19:55Z INFO ConfigurationStore] RootFolder: C:\Code base\bugsense apr 24\studio\actions-runner
[2026-05-19 05:19:55Z INFO HostContext] Well known directory 'Bin': 'C:\Code base\bugsense apr 24\studio\actions-runner\bin'
[2026-05-19 05:19:55Z INFO HostContext] Well known directory 'Root': 'C:\Code base\bugsense apr 24\studio\actions-runner'
[2026-05-19 05:19:55Z INFO HostContext] Well known config file 'Runner': 'C:\Code base\bugsense apr 24\studio\actions-runner\.runner'
[2026-05-19 05:19:55Z INFO ConfigurationStore] ConfigFilePath: C:\Code base\bugsense apr 24\studio\actions-runner\.runner
[2026-05-19 05:19:55Z INFO HostContext] Well known directory 'Bin': 'C:\Code base\bugsense apr 24\studio\actions-runner\bin'
[2026-05-19 05:19:55Z INFO HostContext] Well known directory 'Root': 'C:\Code base\bugsense apr 24\studio\actions-runner'
[2026-05-19 05:19:55Z INFO HostContext] Well known config file 'Credentials': 'C:\Code base\bugsense apr 24\studio\actions-runner\.credentials'
[2026-05-19 05:19:55Z INFO ConfigurationStore] CredFilePath: C:\Code base\bugsense apr 24\studio\actions-runner\.credentials
[2026-05-19 05:19:55Z INFO HostContext] Well known directory 'Bin': 'C:\Code base\bugsense apr 24\studio\actions-runner\bin'
[2026-05-19 05:19:55Z INFO HostContext] Well known directory 'Root': 'C:\Code base\bugsense apr 24\studio\actions-runner'
[2026-05-19 05:19:55Z INFO HostContext] Well known config file 'MigratedCredentials': 'C:\Code base\bugsense apr 24\studio\actions-runner\.credentials_migrated'
[2026-05-19 05:19:55Z INFO ConfigurationStore] MigratedCredFilePath: C:\Code base\bugsense apr 24\studio\actions-runner\.credentials_migrated
[2026-05-19 05:19:55Z INFO HostContext] Well known directory 'Bin': 'C:\Code base\bugsense apr 24\studio\actions-runner\bin'
[2026-05-19 05:19:55Z INFO HostContext] Well known directory 'Root': 'C:\Code base\bugsense apr 24\studio\actions-runner'
[2026-05-19 05:19:55Z INFO HostContext] Well known config file 'Service': 'C:\Code base\bugsense apr 24\studio\actions-runner\.service'
[2026-05-19 05:19:55Z INFO ConfigurationStore] ServiceConfigFilePath: C:\Code base\bugsense apr 24\studio\actions-runner\.service
[2026-05-19 05:19:55Z INFO CommandSettings] Flag 'help': 'False'
[2026-05-19 05:19:55Z INFO CommandSettings] Flag 'version': 'False'
[2026-05-19 05:19:55Z INFO CommandSettings] Flag 'commit': 'False'
[2026-05-19 05:19:55Z INFO CommandSettings] Flag 'check': 'False'
[2026-05-19 05:19:55Z INFO CommandSettings] Command 'configure': 'False'
[2026-05-19 05:19:55Z INFO CommandSettings] Command 'remove': 'False'
[2026-05-19 05:19:55Z INFO CommandSettings] Command 'warmup': 'False'
[2026-05-19 05:19:55Z INFO ConfigurationManager] LoadSettings
[2026-05-19 05:19:55Z INFO ConfigurationStore] IsConfigured()
[2026-05-19 05:19:55Z INFO ConfigurationStore] IsConfigured: True
[2026-05-19 05:19:55Z INFO ConfigurationManager] Is configured: True
[2026-05-19 05:19:55Z INFO ConfigurationStore] Read setting file: 316 chars
[2026-05-19 05:19:55Z INFO ConfigurationManager] Settings Loaded
[2026-05-19 05:19:55Z INFO ConfigurationStore] IsServiceConfigured()
[2026-05-19 05:19:55Z INFO ConfigurationStore] IsServiceConfigured: False
[2026-05-19 05:19:55Z INFO CommandSettings] Command 'run': 'True'
[2026-05-19 05:19:55Z INFO ConfigurationStore] IsConfigured()
[2026-05-19 05:19:55Z INFO ConfigurationStore] IsConfigured: True
[2026-05-19 05:19:55Z INFO ConfigurationManager] Is configured: True
[2026-05-19 05:19:55Z INFO Runner] Could not parse the argument value '' for StartupType. Defaulting to Manual
[2026-05-19 05:19:55Z INFO Runner] Set runner startup type - Manual
[2026-05-19 05:19:55Z INFO CommandSettings] Flag 'once': 'False'
[2026-05-19 05:19:55Z INFO CommandSettings] Flag 'once': 'False'
[2026-05-19 05:19:55Z INFO Runner] RunAsync
[2026-05-19 05:19:55Z INFO ConfigurationManager] LoadSettings
[2026-05-19 05:19:55Z INFO ConfigurationStore] IsConfigured()
[2026-05-19 05:19:55Z INFO ConfigurationStore] IsConfigured: True
[2026-05-19 05:19:55Z INFO ConfigurationManager] Is configured: True
[2026-05-19 05:19:55Z INFO ConfigurationManager] Settings Loaded
[2026-05-19 05:19:55Z INFO MessageListener] {
  "AgentId": 21,
  "AgentName": "INMAAWNE5848254",
  "PoolId": 1,
  "PoolName": "Default",
  "ServerUrl": "https://pipelinesghubeus24.actions.githubusercontent.com/SNzDohezFLF3lKEZ9AokH3SLxLXqnb0VEf0L671YcUj2WpGtDE/",
  "GitHubUrl": "https://github.com/divagarkarunanidhi/studio",
  "WorkFolder": "_work"
}
[2026-05-19 05:19:55Z INFO MessageListener] Loading Credentials
[2026-05-19 05:19:55Z INFO ConfigurationStore] HasCredentials()
[2026-05-19 05:19:55Z INFO ConfigurationStore] stored True
[2026-05-19 05:19:55Z INFO CredentialManager] GetCredentialProvider
[2026-05-19 05:19:55Z INFO CredentialManager] Creating type OAuth
[2026-05-19 05:19:55Z INFO CredentialManager] Creating credential type: OAuth
[2026-05-19 05:19:55Z INFO HostContext] Well known directory 'Bin': 'C:\Code base\bugsense apr 24\studio\actions-runner\bin'
[2026-05-19 05:19:55Z INFO HostContext] Well known directory 'Root': 'C:\Code base\bugsense apr 24\studio\actions-runner'
[2026-05-19 05:19:55Z INFO HostContext] Well known config file 'RSACredentials': 'C:\Code base\bugsense apr 24\studio\actions-runner\.credentials_rsaparams'
[2026-05-19 05:19:55Z INFO RSAEncryptedFileKeyManager] Loading RSA key parameters from file C:\Code base\bugsense apr 24\studio\actions-runner\.credentials_rsaparams
[2026-05-19 05:19:55Z INFO MessageListener] Attempt to create session.
[2026-05-19 05:19:55Z INFO MessageListener] Connecting to the Runner Server...
[2026-05-19 05:19:55Z INFO RunnerServer] EstablishVssConnection
[2026-05-19 05:19:55Z INFO RunnerServer] Establish connection with 100 seconds timeout.
[2026-05-19 05:19:55Z INFO GitHubActionsService] Starting operation Location.GetConnectionData
[2026-05-19 05:19:55Z INFO RunnerServer] EstablishVssConnection
[2026-05-19 05:19:55Z INFO RunnerServer] Establish connection with 60 seconds timeout.
[2026-05-19 05:19:55Z INFO GitHubActionsService] Starting operation Location.GetConnectionData
[2026-05-19 05:19:55Z INFO RunnerServer] EstablishVssConnection
[2026-05-19 05:19:55Z INFO RunnerServer] Establish connection with 60 seconds timeout.
[2026-05-19 05:19:55Z INFO GitHubActionsService] Starting operation Location.GetConnectionData
[2026-05-19 05:19:57Z INFO GitHubActionsService] Finished operation Location.GetConnectionData
[2026-05-19 05:19:57Z INFO GitHubActionsService] Finished operation Location.GetConnectionData
[2026-05-19 05:19:57Z INFO GitHubActionsService] Finished operation Location.GetConnectionData
[2026-05-19 05:19:57Z INFO MessageListener] VssConnection created
[2026-05-19 05:19:57Z INFO Terminal] WRITE LINE: 
[2026-05-19 05:19:57Z INFO Terminal] WRITE LINE: 
[2026-05-19 05:19:57Z INFO RSAEncryptedFileKeyManager] Loading RSA key parameters from file C:\Code base\bugsense apr 24\studio\actions-runner\.credentials_rsaparams
[2026-05-19 05:19:57Z INFO RSAEncryptedFileKeyManager] Loading RSA key parameters from file C:\Code base\bugsense apr 24\studio\actions-runner\.credentials_rsaparams
[2026-05-19 05:19:59Z INFO GitHubActionsService] AAD Correlation ID for this token request: Unknown
[2026-05-19 05:19:59Z INFO MessageListener] Session created.
[2026-05-19 05:19:59Z INFO Terminal] WRITE LINE: Current runner version: '2.322.0'
[2026-05-19 05:19:59Z INFO Terminal] WRITE LINE: 2026-05-19 05:19:59Z: Listening for Jobs
[2026-05-19 05:19:59Z INFO JobDispatcher] Set runner/worker IPC timeout to 30 seconds.
[2026-05-19 05:19:59Z INFO RSAEncryptedFileKeyManager] Loading RSA key parameters from file C:\Code base\bugsense apr 24\studio\actions-runner\.credentials_rsaparams
[2026-05-19 05:20:01Z INFO GitHubActionsService] AAD Correlation ID for this token request: Unknown
[2026-05-19 05:20:02Z INFO MessageListener] Message '9146058942046194283' received from session '8d75f148-86e1-4f44-aea7-55db873b3ee4'.
[2026-05-19 05:20:02Z INFO ConfigurationStore] HasCredentials()
[2026-05-19 05:20:02Z INFO ConfigurationStore] stored True
[2026-05-19 05:20:02Z INFO CredentialManager] GetCredentialProvider
[2026-05-19 05:20:02Z INFO CredentialManager] Creating type OAuth
[2026-05-19 05:20:02Z INFO CredentialManager] Creating credential type: OAuth
[2026-05-19 05:20:02Z INFO RSAEncryptedFileKeyManager] Loading RSA key parameters from file C:\Code base\bugsense apr 24\studio\actions-runner\.credentials_rsaparams
[2026-05-19 05:20:02Z INFO RSAEncryptedFileKeyManager] Loading RSA key parameters from file C:\Code base\bugsense apr 24\studio\actions-runner\.credentials_rsaparams
[2026-05-19 05:20:02Z INFO RSAEncryptedFileKeyManager] Loading RSA key parameters from file C:\Code base\bugsense apr 24\studio\actions-runner\.credentials_rsaparams
[2026-05-19 05:20:04Z INFO GitHubActionsService] AAD Correlation ID for this token request: Unknown
[2026-05-19 05:20:05Z INFO JobDispatcher] Job request 0 for plan a75294a1-dd52-4752-b155-f239b04f7886 job c925f747-1ec8-5855-b559-537f8766ee90 received.
[2026-05-19 05:20:05Z INFO MessageListener] Received job status event. JobState: Busy
[2026-05-19 05:20:05Z INFO MessageListener] _getMessagesTokenSource is already disposed.
[2026-05-19 05:20:05Z INFO Terminal] WRITE LINE: 2026-05-19 05:20:05Z: Running job: deploy
[2026-05-19 05:20:05Z INFO JobDispatcher] Start renew job request 0 for job c925f747-1ec8-5855-b559-537f8766ee90.
[2026-05-19 05:20:06Z INFO JobDispatcher] Successfully renew job c925f747-1ec8-5855-b559-537f8766ee90, job is valid till 5/19/2026 5:30:06 AM
[2026-05-19 05:20:06Z INFO HostContext] Well known directory 'Bin': 'C:\Code base\bugsense apr 24\studio\actions-runner\bin'
[2026-05-19 05:20:06Z INFO ProcessInvokerWrapper] Starting process:
[2026-05-19 05:20:06Z INFO ProcessInvokerWrapper]   File name: 'C:\Code base\bugsense apr 24\studio\actions-runner\bin\Runner.Worker.exe'
[2026-05-19 05:20:06Z INFO ProcessInvokerWrapper]   Arguments: 'spawnclient 2176 2200'
[2026-05-19 05:20:06Z INFO ProcessInvokerWrapper]   Working directory: 'C:\Code base\bugsense apr 24\studio\actions-runner\bin'
[2026-05-19 05:20:06Z INFO ProcessInvokerWrapper]   Require exit code zero: 'False'
[2026-05-19 05:20:06Z INFO ProcessInvokerWrapper]   Encoding web name:  ; code page: ''
[2026-05-19 05:20:06Z INFO ProcessInvokerWrapper]   Force kill process on cancellation: 'True'
[2026-05-19 05:20:06Z INFO ProcessInvokerWrapper]   Redirected STDIN: 'False'
[2026-05-19 05:20:06Z INFO ProcessInvokerWrapper]   Persist current code page: 'False'
[2026-05-19 05:20:06Z INFO ProcessInvokerWrapper]   Keep redirected STDIN open: 'False'
[2026-05-19 05:20:06Z INFO ProcessInvokerWrapper]   High priority process: 'True'
[2026-05-19 05:20:06Z INFO ProcessInvokerWrapper] Process started with process id 5700, waiting for process exit.
[2026-05-19 05:20:06Z INFO JobDispatcher] Send job request message to worker for job c925f747-1ec8-5855-b559-537f8766ee90.
[2026-05-19 05:20:07Z INFO ProcessChannel] Sending message of length 23775, with hash '4d3f4e1073005adff6f7c591f9c45598f75850293af46806433e93c4887b0bcf'
[2026-05-19 05:20:07Z INFO JobNotification] Entering JobStarted Notification
[2026-05-19 05:20:07Z INFO JobNotification] Entering StartMonitor
[2026-05-19 05:21:08Z INFO JobDispatcher] Successfully renew job c925f747-1ec8-5855-b559-537f8766ee90, job is valid till 5/19/2026 5:31:07 AM
[2026-05-19 05:22:09Z INFO JobDispatcher] Successfully renew job c925f747-1ec8-5855-b559-537f8766ee90, job is valid till 5/19/2026 5:32:09 AM
[2026-05-19 05:23:10Z INFO JobDispatcher] Successfully renew job c925f747-1ec8-5855-b559-537f8766ee90, job is valid till 5/19/2026 5:33:09 AM
[2026-05-19 05:23:32Z INFO ProcessInvokerWrapper] STDOUT/STDERR stream read finished.
[2026-05-19 05:23:32Z INFO ProcessInvokerWrapper] STDOUT/STDERR stream read finished.
[2026-05-19 05:23:32Z INFO ProcessInvokerWrapper] Finished process 5700 with exit code 102, and elapsed time 00:03:25.7521556.
[2026-05-19 05:23:32Z INFO JobDispatcher] Worker finished for job c925f747-1ec8-5855-b559-537f8766ee90. Code: 102
[2026-05-19 05:23:32Z INFO JobDispatcher] finish job request for job c925f747-1ec8-5855-b559-537f8766ee90 with result: Failed
[2026-05-19 05:23:32Z INFO Terminal] WRITE LINE: 2026-05-19 05:23:32Z: Job deploy completed with result: Failed
[2026-05-19 05:23:32Z INFO JobDispatcher] Stop renew job request for job c925f747-1ec8-5855-b559-537f8766ee90.
[2026-05-19 05:23:32Z INFO JobDispatcher] job renew has been cancelled, stop renew job c925f747-1ec8-5855-b559-537f8766ee90.
[2026-05-19 05:23:32Z INFO JobNotification] Entering JobCompleted Notification
[2026-05-19 05:23:32Z INFO JobNotification] Entering EndMonitor
[2026-05-19 05:23:32Z INFO MessageListener] Received job status event. JobState: Online
[2026-05-19 05:25:16Z WARN GitHubActionsService] GET request to https://broker.actions.githubusercontent.com/message?sessionId=8d75f148-86e1-4f44-aea7-55db873b3ee4&status=Online&runnerVersion=2.322.0&os=Windows&architecture=X64&disableUpdate=false timed out after 100 seconds.
[2026-05-19 05:25:16Z ERR  BrokerServer] Catch exception during request
[2026-05-19 05:25:16Z ERR  BrokerServer] System.TimeoutException: The HTTP request timed out after 00:01:40.
 ---> System.Threading.Tasks.TaskCanceledException: The operation was canceled.
 ---> System.IO.IOException: Unable to read data from the transport connection: The I/O operation has been aborted because of either a thread exit or an application request..
 ---> System.Net.Sockets.SocketException (995): The I/O operation has been aborted because of either a thread exit or an application request.
   --- End of inner exception stack trace ---
   at System.Net.Sockets.Socket.AwaitableSocketAsyncEventArgs.ThrowException(SocketError error, CancellationToken cancellationToken)
   at System.Net.Sockets.Socket.AwaitableSocketAsyncEventArgs.System.Threading.Tasks.Sources.IValueTaskSource<System.Int32>.GetResult(Int16 token)
   at System.Net.Security.SslStream.EnsureFullTlsFrameAsync[TIOAdapter](CancellationToken cancellationToken, Int32 estimatedSize)
   at System.Runtime.CompilerServices.PoolingAsyncValueTaskMethodBuilder`1.StateMachineBox`1.System.Threading.Tasks.Sources.IValueTaskSource<TResult>.GetResult(Int16 token)
   at System.Net.Security.SslStream.ReadAsyncInternal[TIOAdapter](Memory`1 buffer, CancellationToken cancellationToken)
   at System.Runtime.CompilerServices.PoolingAsyncValueTaskMethodBuilder`1.StateMachineBox`1.System.Threading.Tasks.Sources.IValueTaskSource<TResult>.GetResult(Int16 token)
   at System.Net.Http.HttpConnection.SendAsync(HttpRequestMessage request, Boolean async, CancellationToken cancellationToken)
   --- End of inner exception stack trace ---
   at System.Net.Http.HttpConnection.SendAsync(HttpRequestMessage request, Boolean async, CancellationToken cancellationToken)
   at System.Net.Http.AuthenticationHelper.SendWithNtAuthAsync(HttpRequestMessage request, Uri authUri, Boolean async, ICredentials credentials, Boolean isProxyAuth, HttpConnection connection, HttpConnectionPool connectionPool, CancellationToken cancellationToken)
   at System.Net.Http.HttpConnectionPool.SendWithVersionDetectionAndRetryAsync(HttpRequestMessage request, Boolean async, Boolean doRequestAuth, CancellationToken cancellationToken)
   at System.Net.Http.AuthenticationHelper.SendWithAuthAsync(HttpRequestMessage request, Uri authUri, Boolean async, ICredentials credentials, Boolean preAuthenticate, Boolean isProxyAuth, Boolean doRequestAuth, HttpConnectionPool pool, CancellationToken cancellationToken)
   at System.Net.Http.RedirectHandler.SendAsync(HttpRequestMessage request, Boolean async, CancellationToken cancellationToken)
   at GitHub.Services.Common.RawHttpMessageHandler.SendAsync(HttpRequestMessage request, CancellationToken cancellationToken)
   --- End of inner exception stack trace ---
   at GitHub.Services.Common.RawHttpMessageHandler.SendAsync(HttpRequestMessage request, CancellationToken cancellationToken)
   at GitHub.Services.Common.VssHttpRetryMessageHandler.SendAsync(HttpRequestMessage request, CancellationToken cancellationToken)
   at System.Net.Http.HttpClient.<SendAsync>g__Core|83_0(HttpRequestMessage request, HttpCompletionOption completionOption, CancellationTokenSource cts, Boolean disposeCts, CancellationTokenSource pendingRequestsCts, CancellationToken originalCancellationToken)
   at Sdk.WebApi.WebApi.RawHttpClientBase.SendAsync(HttpRequestMessage message, HttpCompletionOption completionOption, Object userState, CancellationToken cancellationToken)
   at Sdk.WebApi.WebApi.RawHttpClientBase.SendAsync[T](HttpRequestMessage message, Boolean readErrorBody, Object userState, CancellationToken cancellationToken)
   at Sdk.WebApi.WebApi.RawHttpClientBase.SendAsync[T](HttpMethod method, IEnumerable`1 additionalHeaders, Uri requestUri, HttpContent content, IEnumerable`1 queryParameters, Boolean readErrorBody, Object userState, CancellationToken cancellationToken)
   at GitHub.Actions.RunService.WebApi.BrokerHttpClient.GetRunnerMessageAsync(Nullable`1 sessionId, String runnerVersion, Nullable`1 status, String os, String architecture, Nullable`1 disableUpdate, CancellationToken cancellationToken)
   at GitHub.Runner.Common.BrokerServer.<>c__DisplayClass7_0.<<GetRunnerMessageAsync>b__0>d.MoveNext()
--- End of stack trace from previous location ---
   at GitHub.Runner.Common.RunnerService.RetryRequest[T](Func`1 func, CancellationToken cancellationToken, Int32 maxRetryAttemptsCount, Func`2 shouldRetry)
[2026-05-19 05:25:16Z ERR  BrokerServer] #####################################################
[2026-05-19 05:25:16Z ERR  BrokerServer] System.Threading.Tasks.TaskCanceledException: The operation was canceled.
 ---> System.IO.IOException: Unable to read data from the transport connection: The I/O operation has been aborted because of either a thread exit or an application request..
 ---> System.Net.Sockets.SocketException (995): The I/O operation has been aborted because of either a thread exit or an application request.
   --- End of inner exception stack trace ---
   at System.Net.Sockets.Socket.AwaitableSocketAsyncEventArgs.ThrowException(SocketError error, CancellationToken cancellationToken)
   at System.Net.Sockets.Socket.AwaitableSocketAsyncEventArgs.System.Threading.Tasks.Sources.IValueTaskSource<System.Int32>.GetResult(Int16 token)
   at System.Net.Security.SslStream.EnsureFullTlsFrameAsync[TIOAdapter](CancellationToken cancellationToken, Int32 estimatedSize)
   at System.Runtime.CompilerServices.PoolingAsyncValueTaskMethodBuilder`1.StateMachineBox`1.System.Threading.Tasks.Sources.IValueTaskSource<TResult>.GetResult(Int16 token)
   at System.Net.Security.SslStream.ReadAsyncInternal[TIOAdapter](Memory`1 buffer, CancellationToken cancellationToken)
   at System.Runtime.CompilerServices.PoolingAsyncValueTaskMethodBuilder`1.StateMachineBox`1.System.Threading.Tasks.Sources.IValueTaskSource<TResult>.GetResult(Int16 token)
   at System.Net.Http.HttpConnection.SendAsync(HttpRequestMessage request, Boolean async, CancellationToken cancellationToken)
   --- End of inner exception stack trace ---
   at System.Net.Http.HttpConnection.SendAsync(HttpRequestMessage request, Boolean async, CancellationToken cancellationToken)
   at System.Net.Http.AuthenticationHelper.SendWithNtAuthAsync(HttpRequestMessage request, Uri authUri, Boolean async, ICredentials credentials, Boolean isProxyAuth, HttpConnection connection, HttpConnectionPool connectionPool, CancellationToken cancellationToken)
   at System.Net.Http.HttpConnectionPool.SendWithVersionDetectionAndRetryAsync(HttpRequestMessage request, Boolean async, Boolean doRequestAuth, CancellationToken cancellationToken)
   at System.Net.Http.AuthenticationHelper.SendWithAuthAsync(HttpRequestMessage request, Uri authUri, Boolean async, ICredentials credentials, Boolean preAuthenticate, Boolean isProxyAuth, Boolean doRequestAuth, HttpConnectionPool pool, CancellationToken cancellationToken)
   at System.Net.Http.RedirectHandler.SendAsync(HttpRequestMessage request, Boolean async, CancellationToken cancellationToken)
   at GitHub.Services.Common.RawHttpMessageHandler.SendAsync(HttpRequestMessage request, CancellationToken cancellationToken)
[2026-05-19 05:25:16Z ERR  BrokerServer] #####################################################
[2026-05-19 05:25:16Z ERR  BrokerServer] System.IO.IOException: Unable to read data from the transport connection: The I/O operation has been aborted because of either a thread exit or an application request..
 ---> System.Net.Sockets.SocketException (995): The I/O operation has been aborted because of either a thread exit or an application request.
   --- End of inner exception stack trace ---
   at System.Net.Sockets.Socket.AwaitableSocketAsyncEventArgs.ThrowException(SocketError error, CancellationToken cancellationToken)
   at System.Net.Sockets.Socket.AwaitableSocketAsyncEventArgs.System.Threading.Tasks.Sources.IValueTaskSource<System.Int32>.GetResult(Int16 token)
   at System.Net.Security.SslStream.EnsureFullTlsFrameAsync[TIOAdapter](CancellationToken cancellationToken, Int32 estimatedSize)
   at System.Runtime.CompilerServices.PoolingAsyncValueTaskMethodBuilder`1.StateMachineBox`1.System.Threading.Tasks.Sources.IValueTaskSource<TResult>.GetResult(Int16 token)
   at System.Net.Security.SslStream.ReadAsyncInternal[TIOAdapter](Memory`1 buffer, CancellationToken cancellationToken)
   at System.Runtime.CompilerServices.PoolingAsyncValueTaskMethodBuilder`1.StateMachineBox`1.System.Threading.Tasks.Sources.IValueTaskSource<TResult>.GetResult(Int16 token)
   at System.Net.Http.HttpConnection.SendAsync(HttpRequestMessage request, Boolean async, CancellationToken cancellationToken)
[2026-05-19 05:25:16Z ERR  BrokerServer] #####################################################
[2026-05-19 05:25:16Z ERR  BrokerServer] System.Net.Sockets.SocketException (995): The I/O operation has been aborted because of either a thread exit or an application request.
[2026-05-19 05:25:16Z WARN BrokerServer] Back off 14.589 seconds before next retry. 4 attempt left.
[2026-05-19 05:28:49Z INFO Terminal] WRITE LINE: Exiting...
[2026-05-19 05:28:49Z INFO ConfigurationStore] IsServiceConfigured()
[2026-05-19 05:28:49Z INFO ConfigurationStore] IsServiceConfigured: False
[2026-05-19 05:28:49Z INFO HostContext] Runner will be shutdown for UserCancelled
[2026-05-19 05:28:49Z WARN GitHubActionsService] GET request to https://broker.actions.githubusercontent.com/message?sessionId=8d75f148-86e1-4f44-aea7-55db873b3ee4&status=Online&runnerVersion=2.322.0&os=Windows&architecture=X64&disableUpdate=false has been cancelled.
[2026-05-19 05:28:49Z ERR  BrokerServer] Catch exception during request
[2026-05-19 05:28:49Z ERR  BrokerServer] System.Threading.Tasks.TaskCanceledException: The operation was canceled.
 ---> System.Threading.Tasks.TaskCanceledException: The operation was canceled.
 ---> System.IO.IOException: Unable to read data from the transport connection: The I/O operation has been aborted because of either a thread exit or an application request..
 ---> System.Net.Sockets.SocketException (995): The I/O operation has been aborted because of either a thread exit or an application request.
   --- End of inner exception stack trace ---
   at System.Net.Sockets.Socket.AwaitableSocketAsyncEventArgs.System.Threading.Tasks.Sources.IValueTaskSource<System.Int32>.GetResult(Int16 token)
   at System.Net.Security.SslStream.EnsureFullTlsFrameAsync[TIOAdapter](CancellationToken cancellationToken, Int32 estimatedSize)
   at System.Runtime.CompilerServices.PoolingAsyncValueTaskMethodBuilder`1.StateMachineBox`1.System.Threading.Tasks.Sources.IValueTaskSource<TResult>.GetResult(Int16 token)
   at System.Net.Security.SslStream.ReadAsyncInternal[TIOAdapter](Memory`1 buffer, CancellationToken cancellationToken)
   at System.Runtime.CompilerServices.PoolingAsyncValueTaskMethodBuilder`1.StateMachineBox`1.System.Threading.Tasks.Sources.IValueTaskSource<TResult>.GetResult(Int16 token)
   at System.Net.Http.HttpConnection.SendAsync(HttpRequestMessage request, Boolean async, CancellationToken cancellationToken)
   --- End of inner exception stack trace ---
   at System.Net.Http.HttpConnection.SendAsync(HttpRequestMessage request, Boolean async, CancellationToken cancellationToken)
   at System.Net.Http.AuthenticationHelper.SendWithNtAuthAsync(HttpRequestMessage request, Uri authUri, Boolean async, ICredentials credentials, Boolean isProxyAuth, HttpConnection connection, HttpConnectionPool connectionPool, CancellationToken cancellationToken)
   at System.Net.Http.HttpConnectionPool.SendWithVersionDetectionAndRetryAsync(HttpRequestMessage request, Boolean async, Boolean doRequestAuth, CancellationToken cancellationToken)
   at System.Net.Http.AuthenticationHelper.SendWithAuthAsync(HttpRequestMessage request, Uri authUri, Boolean async, ICredentials credentials, Boolean preAuthenticate, Boolean isProxyAuth, Boolean doRequestAuth, HttpConnectionPool pool, CancellationToken cancellationToken)
   at System.Net.Http.RedirectHandler.SendAsync(HttpRequestMessage request, Boolean async, CancellationToken cancellationToken)
   at GitHub.Services.Common.RawHttpMessageHandler.SendAsync(HttpRequestMessage request, CancellationToken cancellationToken)
   at GitHub.Services.Common.VssHttpRetryMessageHandler.SendAsync(HttpRequestMessage request, CancellationToken cancellationToken)
   at System.Net.Http.HttpClient.<SendAsync>g__Core|83_0(HttpRequestMessage request, HttpCompletionOption completionOption, CancellationTokenSource cts, Boolean disposeCts, CancellationTokenSource pendingRequestsCts, CancellationToken originalCancellationToken)
   --- End of inner exception stack trace ---
   at System.Net.Http.HttpClient.HandleFailure(Exception e, Boolean telemetryStarted, HttpResponseMessage response, CancellationTokenSource cts, CancellationToken cancellationToken, CancellationTokenSource pendingRequestsCts)
   at System.Net.Http.HttpClient.<SendAsync>g__Core|83_0(HttpRequestMessage request, HttpCompletionOption completionOption, CancellationTokenSource cts, Boolean disposeCts, CancellationTokenSource pendingRequestsCts, CancellationToken originalCancellationToken)
   at Sdk.WebApi.WebApi.RawHttpClientBase.SendAsync(HttpRequestMessage message, HttpCompletionOption completionOption, Object userState, CancellationToken cancellationToken)
   at Sdk.WebApi.WebApi.RawHttpClientBase.SendAsync[T](HttpRequestMessage message, Boolean readErrorBody, Object userState, CancellationToken cancellationToken)
   at Sdk.WebApi.WebApi.RawHttpClientBase.SendAsync[T](HttpMethod method, IEnumerable`1 additionalHeaders, Uri requestUri, HttpContent content, IEnumerable`1 queryParameters, Boolean readErrorBody, Object userState, CancellationToken cancellationToken)
   at GitHub.Actions.RunService.WebApi.BrokerHttpClient.GetRunnerMessageAsync(Nullable`1 sessionId, String runnerVersion, Nullable`1 status, String os, String architecture, Nullable`1 disableUpdate, CancellationToken cancellationToken)
   at GitHub.Runner.Common.BrokerServer.<>c__DisplayClass7_0.<<GetRunnerMessageAsync>b__0>d.MoveNext()
--- End of stack trace from previous location ---
   at GitHub.Runner.Common.RunnerService.RetryRequest[T](Func`1 func, CancellationToken cancellationToken, Int32 maxRetryAttemptsCount, Func`2 shouldRetry)
[2026-05-19 05:28:49Z ERR  BrokerServer] #####################################################
[2026-05-19 05:28:49Z ERR  BrokerServer] System.Threading.Tasks.TaskCanceledException: The operation was canceled.
 ---> System.IO.IOException: Unable to read data from the transport connection: The I/O operation has been aborted because of either a thread exit or an application request..
 ---> System.Net.Sockets.SocketException (995): The I/O operation has been aborted because of either a thread exit or an application request.
   --- End of inner exception stack trace ---
   at System.Net.Sockets.Socket.AwaitableSocketAsyncEventArgs.System.Threading.Tasks.Sources.IValueTaskSource<System.Int32>.GetResult(Int16 token)
   at System.Net.Security.SslStream.EnsureFullTlsFrameAsync[TIOAdapter](CancellationToken cancellationToken, Int32 estimatedSize)
   at System.Runtime.CompilerServices.PoolingAsyncValueTaskMethodBuilder`1.StateMachineBox`1.System.Threading.Tasks.Sources.IValueTaskSource<TResult>.GetResult(Int16 token)
   at System.Net.Security.SslStream.ReadAsyncInternal[TIOAdapter](Memory`1 buffer, CancellationToken cancellationToken)
   at System.Runtime.CompilerServices.PoolingAsyncValueTaskMethodBuilder`1.StateMachineBox`1.System.Threading.Tasks.Sources.IValueTaskSource<TResult>.GetResult(Int16 token)
   at System.Net.Http.HttpConnection.SendAsync(HttpRequestMessage request, Boolean async, CancellationToken cancellationToken)
   --- End of inner exception stack trace ---
   at System.Net.Http.HttpConnection.SendAsync(HttpRequestMessage request, Boolean async, CancellationToken cancellationToken)
   at System.Net.Http.AuthenticationHelper.SendWithNtAuthAsync(HttpRequestMessage request, Uri authUri, Boolean async, ICredentials credentials, Boolean isProxyAuth, HttpConnection connection, HttpConnectionPool connectionPool, CancellationToken cancellationToken)
   at System.Net.Http.HttpConnectionPool.SendWithVersionDetectionAndRetryAsync(HttpRequestMessage request, Boolean async, Boolean doRequestAuth, CancellationToken cancellationToken)
   at System.Net.Http.AuthenticationHelper.SendWithAuthAsync(HttpRequestMessage request, Uri authUri, Boolean async, ICredentials credentials, Boolean preAuthenticate, Boolean isProxyAuth, Boolean doRequestAuth, HttpConnectionPool pool, CancellationToken cancellationToken)
   at System.Net.Http.RedirectHandler.SendAsync(HttpRequestMessage request, Boolean async, CancellationToken cancellationToken)
   at GitHub.Services.Common.RawHttpMessageHandler.SendAsync(HttpRequestMessage request, CancellationToken cancellationToken)
   at GitHub.Services.Common.VssHttpRetryMessageHandler.SendAsync(HttpRequestMessage request, CancellationToken cancellationToken)
   at System.Net.Http.HttpClient.<SendAsync>g__Core|83_0(HttpRequestMessage request, HttpCompletionOption completionOption, CancellationTokenSource cts, Boolean disposeCts, CancellationTokenSource pendingRequestsCts, CancellationToken originalCancellationToken)
[2026-05-19 05:28:49Z ERR  BrokerServer] #####################################################
[2026-05-19 05:28:49Z ERR  BrokerServer] System.IO.IOException: Unable to read data from the transport connection: The I/O operation has been aborted because of either a thread exit or an application request..
 ---> System.Net.Sockets.SocketException (995): The I/O operation has been aborted because of either a thread exit or an application request.
   --- End of inner exception stack trace ---
   at System.Net.Sockets.Socket.AwaitableSocketAsyncEventArgs.System.Threading.Tasks.Sources.IValueTaskSource<System.Int32>.GetResult(Int16 token)
   at System.Net.Security.SslStream.EnsureFullTlsFrameAsync[TIOAdapter](CancellationToken cancellationToken, Int32 estimatedSize)
   at System.Runtime.CompilerServices.PoolingAsyncValueTaskMethodBuilder`1.StateMachineBox`1.System.Threading.Tasks.Sources.IValueTaskSource<TResult>.GetResult(Int16 token)
   at System.Net.Security.SslStream.ReadAsyncInternal[TIOAdapter](Memory`1 buffer, CancellationToken cancellationToken)
   at System.Runtime.CompilerServices.PoolingAsyncValueTaskMethodBuilder`1.StateMachineBox`1.System.Threading.Tasks.Sources.IValueTaskSource<TResult>.GetResult(Int16 token)
   at System.Net.Http.HttpConnection.SendAsync(HttpRequestMessage request, Boolean async, CancellationToken cancellationToken)
[2026-05-19 05:28:49Z ERR  BrokerServer] #####################################################
[2026-05-19 05:28:49Z ERR  BrokerServer] System.Net.Sockets.SocketException (995): The I/O operation has been aborted because of either a thread exit or an application request.
[2026-05-19 05:28:49Z WARN BrokerServer] Back off 11.7 seconds before next retry. 4 attempt left.
[2026-05-19 05:28:49Z INFO MessageListener] Get next message has been cancelled.
[2026-05-19 05:28:49Z INFO JobDispatcher] Shutting down JobDispatcher. Make sure all WorkerDispatcher has finished.
[2026-05-19 05:28:49Z INFO JobDispatcher] Ensure WorkerDispatcher for job c925f747-1ec8-5855-b559-537f8766ee90 run to finish, cancel any running job.
[2026-05-19 05:28:49Z INFO JobDispatcher] Job request c925f747-1ec8-5855-b559-537f8766ee90 processed succeed.
[2026-05-19 05:28:49Z INFO Runner] Deleting Runner Session...
[2026-05-19 05:28:49Z INFO Terminal] WRITE LINE: Exiting...
[2026-05-19 05:28:49Z INFO ConfigurationStore] IsServiceConfigured()
[2026-05-19 05:28:49Z INFO ConfigurationStore] IsServiceConfigured: False
[2026-05-19 05:28:49Z INFO HostContext] Runner will be shutdown for UserCancelled
[2026-05-19 05:28:49Z INFO Listener] Runner execution been cancelled.
