[2026-05-19 05:08:14Z INFO HostContext] No proxy settings were found based on environmental variables (http_proxy/https_proxy/HTTP_PROXY/HTTPS_PROXY)
[2026-05-19 05:08:14Z INFO HostContext] Well known directory 'Bin': 'C:\Code base\bugsense apr 24\studio\actions-runner\bin'
[2026-05-19 05:08:14Z INFO HostContext] Well known directory 'Root': 'C:\Code base\bugsense apr 24\studio\actions-runner'
[2026-05-19 05:08:14Z INFO HostContext] Well known config file 'Credentials': 'C:\Code base\bugsense apr 24\studio\actions-runner\.credentials'
[2026-05-19 05:08:14Z INFO HostContext] Well known directory 'Bin': 'C:\Code base\bugsense apr 24\studio\actions-runner\bin'
[2026-05-19 05:08:14Z INFO HostContext] Well known directory 'Root': 'C:\Code base\bugsense apr 24\studio\actions-runner'
[2026-05-19 05:08:14Z INFO HostContext] Well known config file 'Runner': 'C:\Code base\bugsense apr 24\studio\actions-runner\.runner'
[2026-05-19 05:08:14Z INFO Listener] Runner is built for Windows (X64) - win-x64.
[2026-05-19 05:08:14Z INFO Listener] RuntimeInformation: Microsoft Windows 10.0.26100.
[2026-05-19 05:08:14Z INFO Listener] Version: 2.322.0
[2026-05-19 05:08:14Z INFO Listener] Commit: 0edc478ca75d0a753dcbcec7405f3f26db67b1ac
[2026-05-19 05:08:14Z INFO Listener] Culture: en-US
[2026-05-19 05:08:14Z INFO Listener] UI Culture: en-US
[2026-05-19 05:08:14Z INFO HostContext] Well known directory 'Bin': 'C:\Code base\bugsense apr 24\studio\actions-runner\bin'
[2026-05-19 05:08:14Z INFO HostContext] Well known directory 'Root': 'C:\Code base\bugsense apr 24\studio\actions-runner'
[2026-05-19 05:08:14Z INFO Listener] Validating directory permissions for: 'C:\Code base\bugsense apr 24\studio\actions-runner'
[2026-05-19 05:08:14Z INFO CommandLineParser] Parse
[2026-05-19 05:08:14Z INFO CommandLineParser] Parsing 1 args
[2026-05-19 05:08:14Z INFO CommandLineParser] parsing argument
[2026-05-19 05:08:14Z INFO CommandLineParser] HasArgs: False
[2026-05-19 05:08:14Z INFO CommandLineParser] Adding Command: run
[2026-05-19 05:08:14Z INFO Listener] Arguments parsed
[2026-05-19 05:08:14Z INFO Runner] ExecuteCommand
[2026-05-19 05:08:14Z INFO ConfigurationStore] currentAssemblyLocation: C:\Code base\bugsense apr 24\studio\actions-runner\bin\Runner.Listener.dll
[2026-05-19 05:08:14Z INFO HostContext] Well known directory 'Bin': 'C:\Code base\bugsense apr 24\studio\actions-runner\bin'
[2026-05-19 05:08:14Z INFO ConfigurationStore] binPath: C:\Code base\bugsense apr 24\studio\actions-runner\bin
[2026-05-19 05:08:14Z INFO HostContext] Well known directory 'Bin': 'C:\Code base\bugsense apr 24\studio\actions-runner\bin'
[2026-05-19 05:08:14Z INFO HostContext] Well known directory 'Root': 'C:\Code base\bugsense apr 24\studio\actions-runner'
[2026-05-19 05:08:14Z INFO ConfigurationStore] RootFolder: C:\Code base\bugsense apr 24\studio\actions-runner
[2026-05-19 05:08:14Z INFO HostContext] Well known directory 'Bin': 'C:\Code base\bugsense apr 24\studio\actions-runner\bin'
[2026-05-19 05:08:14Z INFO HostContext] Well known directory 'Root': 'C:\Code base\bugsense apr 24\studio\actions-runner'
[2026-05-19 05:08:14Z INFO HostContext] Well known config file 'Runner': 'C:\Code base\bugsense apr 24\studio\actions-runner\.runner'
[2026-05-19 05:08:14Z INFO ConfigurationStore] ConfigFilePath: C:\Code base\bugsense apr 24\studio\actions-runner\.runner
[2026-05-19 05:08:14Z INFO HostContext] Well known directory 'Bin': 'C:\Code base\bugsense apr 24\studio\actions-runner\bin'
[2026-05-19 05:08:14Z INFO HostContext] Well known directory 'Root': 'C:\Code base\bugsense apr 24\studio\actions-runner'
[2026-05-19 05:08:14Z INFO HostContext] Well known config file 'Credentials': 'C:\Code base\bugsense apr 24\studio\actions-runner\.credentials'
[2026-05-19 05:08:14Z INFO ConfigurationStore] CredFilePath: C:\Code base\bugsense apr 24\studio\actions-runner\.credentials
[2026-05-19 05:08:14Z INFO HostContext] Well known directory 'Bin': 'C:\Code base\bugsense apr 24\studio\actions-runner\bin'
[2026-05-19 05:08:14Z INFO HostContext] Well known directory 'Root': 'C:\Code base\bugsense apr 24\studio\actions-runner'
[2026-05-19 05:08:14Z INFO HostContext] Well known config file 'MigratedCredentials': 'C:\Code base\bugsense apr 24\studio\actions-runner\.credentials_migrated'
[2026-05-19 05:08:14Z INFO ConfigurationStore] MigratedCredFilePath: C:\Code base\bugsense apr 24\studio\actions-runner\.credentials_migrated
[2026-05-19 05:08:14Z INFO HostContext] Well known directory 'Bin': 'C:\Code base\bugsense apr 24\studio\actions-runner\bin'
[2026-05-19 05:08:14Z INFO HostContext] Well known directory 'Root': 'C:\Code base\bugsense apr 24\studio\actions-runner'
[2026-05-19 05:08:14Z INFO HostContext] Well known config file 'Service': 'C:\Code base\bugsense apr 24\studio\actions-runner\.service'
[2026-05-19 05:08:14Z INFO ConfigurationStore] ServiceConfigFilePath: C:\Code base\bugsense apr 24\studio\actions-runner\.service
[2026-05-19 05:08:14Z INFO CommandSettings] Flag 'help': 'False'
[2026-05-19 05:08:14Z INFO CommandSettings] Flag 'version': 'False'
[2026-05-19 05:08:14Z INFO CommandSettings] Flag 'commit': 'False'
[2026-05-19 05:08:14Z INFO CommandSettings] Flag 'check': 'False'
[2026-05-19 05:08:14Z INFO CommandSettings] Command 'configure': 'False'
[2026-05-19 05:08:14Z INFO CommandSettings] Command 'remove': 'False'
[2026-05-19 05:08:14Z INFO CommandSettings] Command 'warmup': 'False'
[2026-05-19 05:08:14Z INFO ConfigurationManager] LoadSettings
[2026-05-19 05:08:14Z INFO ConfigurationStore] IsConfigured()
[2026-05-19 05:08:14Z INFO ConfigurationStore] IsConfigured: True
[2026-05-19 05:08:14Z INFO ConfigurationManager] Is configured: True
[2026-05-19 05:08:14Z INFO ConfigurationStore] Read setting file: 316 chars
[2026-05-19 05:08:14Z INFO ConfigurationManager] Settings Loaded
[2026-05-19 05:08:14Z INFO ConfigurationStore] IsServiceConfigured()
[2026-05-19 05:08:14Z INFO ConfigurationStore] IsServiceConfigured: False
[2026-05-19 05:08:14Z INFO CommandSettings] Command 'run': 'True'
[2026-05-19 05:08:14Z INFO ConfigurationStore] IsConfigured()
[2026-05-19 05:08:14Z INFO ConfigurationStore] IsConfigured: True
[2026-05-19 05:08:14Z INFO ConfigurationManager] Is configured: True
[2026-05-19 05:08:14Z INFO Runner] Could not parse the argument value '' for StartupType. Defaulting to Manual
[2026-05-19 05:08:14Z INFO Runner] Set runner startup type - Manual
[2026-05-19 05:08:14Z INFO CommandSettings] Flag 'once': 'False'
[2026-05-19 05:08:14Z INFO CommandSettings] Flag 'once': 'False'
[2026-05-19 05:08:14Z INFO Runner] RunAsync
[2026-05-19 05:08:14Z INFO ConfigurationManager] LoadSettings
[2026-05-19 05:08:14Z INFO ConfigurationStore] IsConfigured()
[2026-05-19 05:08:14Z INFO ConfigurationStore] IsConfigured: True
[2026-05-19 05:08:14Z INFO ConfigurationManager] Is configured: True
[2026-05-19 05:08:14Z INFO ConfigurationManager] Settings Loaded
[2026-05-19 05:08:14Z INFO MessageListener] {
  "AgentId": 21,
  "AgentName": "INMAAWNE5848254",
  "PoolId": 1,
  "PoolName": "Default",
  "ServerUrl": "https://pipelinesghubeus24.actions.githubusercontent.com/SNzDohezFLF3lKEZ9AokH3SLxLXqnb0VEf0L671YcUj2WpGtDE/",
  "GitHubUrl": "https://github.com/divagarkarunanidhi/studio",
  "WorkFolder": "_work"
}
[2026-05-19 05:08:14Z INFO MessageListener] Loading Credentials
[2026-05-19 05:08:14Z INFO ConfigurationStore] HasCredentials()
[2026-05-19 05:08:14Z INFO ConfigurationStore] stored True
[2026-05-19 05:08:14Z INFO CredentialManager] GetCredentialProvider
[2026-05-19 05:08:14Z INFO CredentialManager] Creating type OAuth
[2026-05-19 05:08:14Z INFO CredentialManager] Creating credential type: OAuth
[2026-05-19 05:08:15Z INFO HostContext] Well known directory 'Bin': 'C:\Code base\bugsense apr 24\studio\actions-runner\bin'
[2026-05-19 05:08:15Z INFO HostContext] Well known directory 'Root': 'C:\Code base\bugsense apr 24\studio\actions-runner'
[2026-05-19 05:08:15Z INFO HostContext] Well known config file 'RSACredentials': 'C:\Code base\bugsense apr 24\studio\actions-runner\.credentials_rsaparams'
[2026-05-19 05:08:15Z INFO RSAEncryptedFileKeyManager] Loading RSA key parameters from file C:\Code base\bugsense apr 24\studio\actions-runner\.credentials_rsaparams
[2026-05-19 05:08:15Z INFO MessageListener] Attempt to create session.
[2026-05-19 05:08:15Z INFO MessageListener] Connecting to the Runner Server...
[2026-05-19 05:08:15Z INFO RunnerServer] EstablishVssConnection
[2026-05-19 05:08:15Z INFO RunnerServer] Establish connection with 100 seconds timeout.
[2026-05-19 05:08:15Z INFO GitHubActionsService] Starting operation Location.GetConnectionData
[2026-05-19 05:08:15Z INFO RunnerServer] EstablishVssConnection
[2026-05-19 05:08:15Z INFO RunnerServer] Establish connection with 60 seconds timeout.
[2026-05-19 05:08:15Z INFO GitHubActionsService] Starting operation Location.GetConnectionData
[2026-05-19 05:08:15Z INFO RunnerServer] EstablishVssConnection
[2026-05-19 05:08:15Z INFO RunnerServer] Establish connection with 60 seconds timeout.
[2026-05-19 05:08:15Z INFO GitHubActionsService] Starting operation Location.GetConnectionData
[2026-05-19 05:08:16Z INFO GitHubActionsService] Finished operation Location.GetConnectionData
[2026-05-19 05:08:16Z INFO GitHubActionsService] Finished operation Location.GetConnectionData
[2026-05-19 05:08:16Z INFO GitHubActionsService] Finished operation Location.GetConnectionData
[2026-05-19 05:08:16Z INFO MessageListener] VssConnection created
[2026-05-19 05:08:16Z INFO Terminal] WRITE LINE: 
[2026-05-19 05:08:16Z INFO Terminal] WRITE LINE: 
[2026-05-19 05:08:16Z INFO RSAEncryptedFileKeyManager] Loading RSA key parameters from file C:\Code base\bugsense apr 24\studio\actions-runner\.credentials_rsaparams
[2026-05-19 05:08:17Z INFO RSAEncryptedFileKeyManager] Loading RSA key parameters from file C:\Code base\bugsense apr 24\studio\actions-runner\.credentials_rsaparams
[2026-05-19 05:08:19Z INFO GitHubActionsService] AAD Correlation ID for this token request: Unknown
[2026-05-19 05:08:19Z WARN GitHubActionsService] Retrieving an AAD auth token took a long time (2.3802204 seconds)
[2026-05-19 05:08:19Z INFO MessageListener] Session created.
[2026-05-19 05:08:19Z INFO Terminal] WRITE LINE: Current runner version: '2.322.0'
[2026-05-19 05:08:19Z INFO Terminal] WRITE LINE: 2026-05-19 05:08:19Z: Listening for Jobs
[2026-05-19 05:08:19Z INFO JobDispatcher] Set runner/worker IPC timeout to 30 seconds.
[2026-05-19 05:08:20Z INFO RSAEncryptedFileKeyManager] Loading RSA key parameters from file C:\Code base\bugsense apr 24\studio\actions-runner\.credentials_rsaparams
[2026-05-19 05:08:21Z INFO GitHubActionsService] AAD Correlation ID for this token request: Unknown
[2026-05-19 05:08:23Z INFO MessageListener] Message '7054851040530368343' received from session '193a652a-42db-4db4-ae44-a1d653f43986'.
[2026-05-19 05:08:23Z INFO ConfigurationStore] HasCredentials()
[2026-05-19 05:08:23Z INFO ConfigurationStore] stored True
[2026-05-19 05:08:23Z INFO CredentialManager] GetCredentialProvider
[2026-05-19 05:08:23Z INFO CredentialManager] Creating type OAuth
[2026-05-19 05:08:23Z INFO CredentialManager] Creating credential type: OAuth
[2026-05-19 05:08:23Z INFO RSAEncryptedFileKeyManager] Loading RSA key parameters from file C:\Code base\bugsense apr 24\studio\actions-runner\.credentials_rsaparams
[2026-05-19 05:08:23Z INFO RSAEncryptedFileKeyManager] Loading RSA key parameters from file C:\Code base\bugsense apr 24\studio\actions-runner\.credentials_rsaparams
[2026-05-19 05:08:23Z INFO RSAEncryptedFileKeyManager] Loading RSA key parameters from file C:\Code base\bugsense apr 24\studio\actions-runner\.credentials_rsaparams
[2026-05-19 05:08:25Z INFO GitHubActionsService] AAD Correlation ID for this token request: Unknown
[2026-05-19 05:08:26Z INFO JobDispatcher] Job request 0 for plan 10b9ad14-9f26-4afd-a5b0-092a54758c3f job ba56f393-5731-59ef-ac98-bb6d6810089a received.
[2026-05-19 05:08:26Z INFO MessageListener] Received job status event. JobState: Busy
[2026-05-19 05:08:26Z INFO MessageListener] _getMessagesTokenSource is already disposed.
[2026-05-19 05:08:26Z INFO Terminal] WRITE LINE: 2026-05-19 05:08:26Z: Running job: deploy
[2026-05-19 05:08:26Z INFO JobDispatcher] Start renew job request 0 for job ba56f393-5731-59ef-ac98-bb6d6810089a.
[2026-05-19 05:08:27Z INFO JobDispatcher] Successfully renew job ba56f393-5731-59ef-ac98-bb6d6810089a, job is valid till 5/19/2026 5:18:27 AM
[2026-05-19 05:08:29Z INFO HostContext] Well known directory 'Bin': 'C:\Code base\bugsense apr 24\studio\actions-runner\bin'
[2026-05-19 05:08:29Z INFO ProcessInvokerWrapper] Starting process:
[2026-05-19 05:08:29Z INFO ProcessInvokerWrapper]   File name: 'C:\Code base\bugsense apr 24\studio\actions-runner\bin\Runner.Worker.exe'
[2026-05-19 05:08:29Z INFO ProcessInvokerWrapper]   Arguments: 'spawnclient 2256 2268'
[2026-05-19 05:08:29Z INFO ProcessInvokerWrapper]   Working directory: 'C:\Code base\bugsense apr 24\studio\actions-runner\bin'
[2026-05-19 05:08:29Z INFO ProcessInvokerWrapper]   Require exit code zero: 'False'
[2026-05-19 05:08:29Z INFO ProcessInvokerWrapper]   Encoding web name:  ; code page: ''
[2026-05-19 05:08:29Z INFO ProcessInvokerWrapper]   Force kill process on cancellation: 'True'
[2026-05-19 05:08:29Z INFO ProcessInvokerWrapper]   Redirected STDIN: 'False'
[2026-05-19 05:08:29Z INFO ProcessInvokerWrapper]   Persist current code page: 'False'
[2026-05-19 05:08:29Z INFO ProcessInvokerWrapper]   Keep redirected STDIN open: 'False'
[2026-05-19 05:08:29Z INFO ProcessInvokerWrapper]   High priority process: 'True'
[2026-05-19 05:08:30Z INFO ProcessInvokerWrapper] Process started with process id 16892, waiting for process exit.
[2026-05-19 05:08:30Z INFO JobDispatcher] Send job request message to worker for job ba56f393-5731-59ef-ac98-bb6d6810089a.
[2026-05-19 05:08:30Z INFO ProcessChannel] Sending message of length 23780, with hash '16919c1aedfb0b3621273f5c1d82f5e5a921c4f8df078e6e8ed2379b2ff7609e'
[2026-05-19 05:08:31Z INFO JobNotification] Entering JobStarted Notification
[2026-05-19 05:08:31Z INFO JobNotification] Entering StartMonitor
[2026-05-19 05:09:30Z INFO JobDispatcher] Successfully renew job ba56f393-5731-59ef-ac98-bb6d6810089a, job is valid till 5/19/2026 5:19:30 AM
[2026-05-19 05:09:52Z INFO ProcessInvokerWrapper] STDOUT/STDERR stream read finished.
[2026-05-19 05:09:52Z INFO ProcessInvokerWrapper] STDOUT/STDERR stream read finished.
[2026-05-19 05:09:52Z INFO ProcessInvokerWrapper] Finished process 16892 with exit code 102, and elapsed time 00:01:22.7954691.
[2026-05-19 05:09:52Z INFO JobDispatcher] Worker finished for job ba56f393-5731-59ef-ac98-bb6d6810089a. Code: 102
[2026-05-19 05:09:52Z INFO JobDispatcher] finish job request for job ba56f393-5731-59ef-ac98-bb6d6810089a with result: Failed
[2026-05-19 05:09:52Z INFO Terminal] WRITE LINE: 2026-05-19 05:09:52Z: Job deploy completed with result: Failed
[2026-05-19 05:09:52Z INFO JobDispatcher] Stop renew job request for job ba56f393-5731-59ef-ac98-bb6d6810089a.
[2026-05-19 05:09:52Z INFO JobDispatcher] job renew has been cancelled, stop renew job ba56f393-5731-59ef-ac98-bb6d6810089a.
[2026-05-19 05:09:52Z INFO JobNotification] Entering JobCompleted Notification
[2026-05-19 05:09:52Z INFO JobNotification] Entering EndMonitor
[2026-05-19 05:09:52Z INFO MessageListener] Received job status event. JobState: Online
[2026-05-19 05:19:47Z INFO MessageListener] Message '4388830097649607590' received from session '193a652a-42db-4db4-ae44-a1d653f43986'.
[2026-05-19 05:19:47Z INFO ConfigurationStore] HasCredentials()
[2026-05-19 05:19:47Z INFO ConfigurationStore] stored True
[2026-05-19 05:19:47Z INFO CredentialManager] GetCredentialProvider
[2026-05-19 05:19:47Z INFO CredentialManager] Creating type OAuth
[2026-05-19 05:19:47Z INFO CredentialManager] Creating credential type: OAuth
[2026-05-19 05:19:47Z INFO RSAEncryptedFileKeyManager] Loading RSA key parameters from file C:\Code base\bugsense apr 24\studio\actions-runner\.credentials_rsaparams
[2026-05-19 05:19:47Z INFO RSAEncryptedFileKeyManager] Loading RSA key parameters from file C:\Code base\bugsense apr 24\studio\actions-runner\.credentials_rsaparams
[2026-05-19 05:19:47Z INFO RSAEncryptedFileKeyManager] Loading RSA key parameters from file C:\Code base\bugsense apr 24\studio\actions-runner\.credentials_rsaparams
[2026-05-19 05:19:48Z INFO Terminal] WRITE LINE: Exiting...
[2026-05-19 05:19:48Z INFO ConfigurationStore] IsServiceConfigured()
[2026-05-19 05:19:48Z INFO ConfigurationStore] IsServiceConfigured: False
[2026-05-19 05:19:48Z INFO HostContext] Runner will be shutdown for UserCancelled
[2026-05-19 05:19:48Z WARN GitHubActionsService] POST request to https://run-actions-1-azure-eastus.actions.githubusercontent.com/39/acquirejob has been cancelled.
[2026-05-19 05:19:48Z ERR  RunServer] Catch exception during request
[2026-05-19 05:19:48Z ERR  RunServer] System.Threading.Tasks.TaskCanceledException: A task was canceled.
 ---> System.Threading.Tasks.TaskCanceledException: A task was canceled.
 ---> System.Threading.Tasks.TaskCanceledException: A task was canceled.
   at System.Threading.Tasks.TaskCompletionSourceWithCancellation`1.WaitWithCancellationAsync(CancellationToken cancellationToken)
   at System.Net.Http.HttpConnectionPool.SendWithVersionDetectionAndRetryAsync(HttpRequestMessage request, Boolean async, Boolean doRequestAuth, CancellationToken cancellationToken)
   at System.Net.Http.RedirectHandler.SendAsync(HttpRequestMessage request, Boolean async, CancellationToken cancellationToken)
   at GitHub.Services.Common.VssHttpRetryMessageHandler.SendAsync(HttpRequestMessage request, CancellationToken cancellationToken)
   at System.Net.Http.HttpClient.<SendAsync>g__Core|83_0(HttpRequestMessage request, HttpCompletionOption completionOption, CancellationTokenSource cts, Boolean disposeCts, CancellationTokenSource pendingRequestsCts, CancellationToken originalCancellationToken)
   --- End of inner exception stack trace ---
   at System.Net.Http.HttpClient.HandleFailure(Exception e, Boolean telemetryStarted, HttpResponseMessage response, CancellationTokenSource cts, CancellationToken cancellationToken, CancellationTokenSource pendingRequestsCts)
   at System.Net.Http.HttpClient.<SendAsync>g__Core|83_0(HttpRequestMessage request, HttpCompletionOption completionOption, CancellationTokenSource cts, Boolean disposeCts, CancellationTokenSource pendingRequestsCts, CancellationToken originalCancellationToken)
   at GitHub.Services.OAuth.VssOAuthTokenHttpClient.GetTokenAsync(VssOAuthGrant grant, VssOAuthClientCredential credential, VssOAuthTokenParameters tokenParameters, CancellationToken cancellationToken)
   at GitHub.Services.OAuth.VssOAuthTokenProvider.OnGetTokenAsync(IssuedToken failedToken, CancellationToken cancellationToken)
   at GitHub.Services.Common.IssuedTokenProvider.GetTokenOperation.GetTokenAsync(VssTraceActivity traceActivity)
   at GitHub.Services.Common.IssuedTokenProvider.GetTokenAsync(IssuedToken failedToken, CancellationToken cancellationToken)
   at GitHub.Services.Common.RawHttpMessageHandler.SendAsync(HttpRequestMessage request, CancellationToken cancellationToken)
   at GitHub.Services.Common.VssHttpRetryMessageHandler.SendAsync(HttpRequestMessage request, CancellationToken cancellationToken)
   at System.Net.Http.HttpClient.<SendAsync>g__Core|83_0(HttpRequestMessage request, HttpCompletionOption completionOption, CancellationTokenSource cts, Boolean disposeCts, CancellationTokenSource pendingRequestsCts, CancellationToken originalCancellationToken)
   --- End of inner exception stack trace ---
   at System.Net.Http.HttpClient.HandleFailure(Exception e, Boolean telemetryStarted, HttpResponseMessage response, CancellationTokenSource cts, CancellationToken cancellationToken, CancellationTokenSource pendingRequestsCts)
   at System.Net.Http.HttpClient.<SendAsync>g__Core|83_0(HttpRequestMessage request, HttpCompletionOption completionOption, CancellationTokenSource cts, Boolean disposeCts, CancellationTokenSource pendingRequestsCts, CancellationToken originalCancellationToken)
   at Sdk.WebApi.WebApi.RawHttpClientBase.SendAsync(HttpRequestMessage message, HttpCompletionOption completionOption, Object userState, CancellationToken cancellationToken)
   at Sdk.WebApi.WebApi.RawHttpClientBase.SendAsync[T](HttpRequestMessage message, Boolean readErrorBody, Object userState, CancellationToken cancellationToken)
   at Sdk.WebApi.WebApi.RawHttpClientBase.SendAsync[T](HttpMethod method, IEnumerable`1 additionalHeaders, Uri requestUri, HttpContent content, IEnumerable`1 queryParameters, Boolean readErrorBody, Object userState, CancellationToken cancellationToken)
   at GitHub.Actions.RunService.WebApi.RunServiceHttpClient.GetJobMessageAsync(Uri requestUri, String messageId, String runnerOS, CancellationToken cancellationToken)
   at GitHub.Runner.Common.RunServer.<>c__DisplayClass6_0.<<GetJobMessageAsync>b__0>d.MoveNext()
--- End of stack trace from previous location ---
   at GitHub.Runner.Common.RunnerService.RetryRequest[T](Func`1 func, CancellationToken cancellationToken, Int32 maxRetryAttemptsCount, Func`2 shouldRetry)
[2026-05-19 05:19:48Z ERR  RunServer] #####################################################
[2026-05-19 05:19:48Z ERR  RunServer] System.Threading.Tasks.TaskCanceledException: A task was canceled.
 ---> System.Threading.Tasks.TaskCanceledException: A task was canceled.
   at System.Threading.Tasks.TaskCompletionSourceWithCancellation`1.WaitWithCancellationAsync(CancellationToken cancellationToken)
   at System.Net.Http.HttpConnectionPool.SendWithVersionDetectionAndRetryAsync(HttpRequestMessage request, Boolean async, Boolean doRequestAuth, CancellationToken cancellationToken)
   at System.Net.Http.RedirectHandler.SendAsync(HttpRequestMessage request, Boolean async, CancellationToken cancellationToken)
   at GitHub.Services.Common.VssHttpRetryMessageHandler.SendAsync(HttpRequestMessage request, CancellationToken cancellationToken)
   at System.Net.Http.HttpClient.<SendAsync>g__Core|83_0(HttpRequestMessage request, HttpCompletionOption completionOption, CancellationTokenSource cts, Boolean disposeCts, CancellationTokenSource pendingRequestsCts, CancellationToken originalCancellationToken)
   --- End of inner exception stack trace ---
   at System.Net.Http.HttpClient.HandleFailure(Exception e, Boolean telemetryStarted, HttpResponseMessage response, CancellationTokenSource cts, CancellationToken cancellationToken, CancellationTokenSource pendingRequestsCts)
   at System.Net.Http.HttpClient.<SendAsync>g__Core|83_0(HttpRequestMessage request, HttpCompletionOption completionOption, CancellationTokenSource cts, Boolean disposeCts, CancellationTokenSource pendingRequestsCts, CancellationToken originalCancellationToken)
   at GitHub.Services.OAuth.VssOAuthTokenHttpClient.GetTokenAsync(VssOAuthGrant grant, VssOAuthClientCredential credential, VssOAuthTokenParameters tokenParameters, CancellationToken cancellationToken)
   at GitHub.Services.OAuth.VssOAuthTokenProvider.OnGetTokenAsync(IssuedToken failedToken, CancellationToken cancellationToken)
   at GitHub.Services.Common.IssuedTokenProvider.GetTokenOperation.GetTokenAsync(VssTraceActivity traceActivity)
   at GitHub.Services.Common.IssuedTokenProvider.GetTokenAsync(IssuedToken failedToken, CancellationToken cancellationToken)
   at GitHub.Services.Common.RawHttpMessageHandler.SendAsync(HttpRequestMessage request, CancellationToken cancellationToken)
   at GitHub.Services.Common.VssHttpRetryMessageHandler.SendAsync(HttpRequestMessage request, CancellationToken cancellationToken)
   at System.Net.Http.HttpClient.<SendAsync>g__Core|83_0(HttpRequestMessage request, HttpCompletionOption completionOption, CancellationTokenSource cts, Boolean disposeCts, CancellationTokenSource pendingRequestsCts, CancellationToken originalCancellationToken)
[2026-05-19 05:19:48Z ERR  RunServer] #####################################################
[2026-05-19 05:19:48Z ERR  RunServer] System.Threading.Tasks.TaskCanceledException: A task was canceled.
   at System.Threading.Tasks.TaskCompletionSourceWithCancellation`1.WaitWithCancellationAsync(CancellationToken cancellationToken)
   at System.Net.Http.HttpConnectionPool.SendWithVersionDetectionAndRetryAsync(HttpRequestMessage request, Boolean async, Boolean doRequestAuth, CancellationToken cancellationToken)
   at System.Net.Http.RedirectHandler.SendAsync(HttpRequestMessage request, Boolean async, CancellationToken cancellationToken)
   at GitHub.Services.Common.VssHttpRetryMessageHandler.SendAsync(HttpRequestMessage request, CancellationToken cancellationToken)
   at System.Net.Http.HttpClient.<SendAsync>g__Core|83_0(HttpRequestMessage request, HttpCompletionOption completionOption, CancellationTokenSource cts, Boolean disposeCts, CancellationTokenSource pendingRequestsCts, CancellationToken originalCancellationToken)
[2026-05-19 05:19:48Z WARN RunServer] Back off 8.524 seconds before next retry. 4 attempt left.
[2026-05-19 05:19:48Z ERR  Runner] Caught exception from acquiring job message: System.Threading.Tasks.TaskCanceledException: A task was canceled.
   at GitHub.Runner.Common.RunnerService.RetryRequest[T](Func`1 func, CancellationToken cancellationToken, Int32 maxRetryAttemptsCount, Func`2 shouldRetry)
   at GitHub.Runner.Listener.Runner.RunAsync(RunnerSettings settings, Boolean runOnce)
[2026-05-19 05:19:49Z INFO JobDispatcher] Shutting down JobDispatcher. Make sure all WorkerDispatcher has finished.
[2026-05-19 05:19:49Z INFO JobDispatcher] Ensure WorkerDispatcher for job ba56f393-5731-59ef-ac98-bb6d6810089a run to finish, cancel any running job.
[2026-05-19 05:19:49Z INFO JobDispatcher] Job request ba56f393-5731-59ef-ac98-bb6d6810089a processed succeed.
[2026-05-19 05:19:49Z INFO Runner] Deleting Runner Session...
[2026-05-19 05:19:49Z INFO Listener] Runner execution has finished with return code 0
