[2026-05-19 04:23:41Z INFO HostContext] No proxy settings were found based on environmental variables (http_proxy/https_proxy/HTTP_PROXY/HTTPS_PROXY)
[2026-05-19 04:23:41Z INFO HostContext] Well known directory 'Bin': 'C:\Code base\bugsense apr 24\studio\actions-runner\bin'
[2026-05-19 04:23:41Z INFO HostContext] Well known directory 'Root': 'C:\Code base\bugsense apr 24\studio\actions-runner'
[2026-05-19 04:23:41Z INFO HostContext] Well known config file 'Credentials': 'C:\Code base\bugsense apr 24\studio\actions-runner\.credentials'
[2026-05-19 04:23:41Z INFO HostContext] Well known directory 'Bin': 'C:\Code base\bugsense apr 24\studio\actions-runner\bin'
[2026-05-19 04:23:41Z INFO HostContext] Well known directory 'Root': 'C:\Code base\bugsense apr 24\studio\actions-runner'
[2026-05-19 04:23:41Z INFO HostContext] Well known config file 'Runner': 'C:\Code base\bugsense apr 24\studio\actions-runner\.runner'
[2026-05-19 04:23:41Z INFO Listener] Runner is built for Windows (X64) - win-x64.
[2026-05-19 04:23:41Z INFO Listener] RuntimeInformation: Microsoft Windows 10.0.26100.
[2026-05-19 04:23:41Z INFO Listener] Version: 2.322.0
[2026-05-19 04:23:41Z INFO Listener] Commit: 0edc478ca75d0a753dcbcec7405f3f26db67b1ac
[2026-05-19 04:23:41Z INFO Listener] Culture: en-US
[2026-05-19 04:23:41Z INFO Listener] UI Culture: en-US
[2026-05-19 04:23:41Z INFO HostContext] Well known directory 'Bin': 'C:\Code base\bugsense apr 24\studio\actions-runner\bin'
[2026-05-19 04:23:41Z INFO HostContext] Well known directory 'Root': 'C:\Code base\bugsense apr 24\studio\actions-runner'
[2026-05-19 04:23:41Z INFO Listener] Validating directory permissions for: 'C:\Code base\bugsense apr 24\studio\actions-runner'
[2026-05-19 04:23:41Z INFO CommandLineParser] Parse
[2026-05-19 04:23:41Z INFO CommandLineParser] Parsing 5 args
[2026-05-19 04:23:41Z INFO CommandLineParser] parsing argument
[2026-05-19 04:23:41Z INFO CommandLineParser] HasArgs: False
[2026-05-19 04:23:41Z INFO CommandLineParser] Adding Command: configure
[2026-05-19 04:23:41Z INFO CommandLineParser] parsing argument
[2026-05-19 04:23:41Z INFO CommandLineParser] HasArgs: True
[2026-05-19 04:23:41Z INFO CommandLineParser] arg: url
[2026-05-19 04:23:41Z INFO CommandLineParser] parsing argument
[2026-05-19 04:23:41Z INFO CommandLineParser] HasArgs: True
[2026-05-19 04:23:41Z INFO CommandLineParser] Adding option 'url': 'https://github.com/divagarkarunanidhi/studio'
[2026-05-19 04:23:41Z INFO CommandLineParser] parsing argument
[2026-05-19 04:23:41Z INFO CommandLineParser] HasArgs: True
[2026-05-19 04:23:41Z INFO CommandLineParser] arg: token
[2026-05-19 04:23:41Z INFO CommandLineParser] parsing argument
[2026-05-19 04:23:41Z INFO CommandLineParser] HasArgs: True
[2026-05-19 04:23:41Z INFO CommandLineParser] Adding option 'token': '***'
[2026-05-19 04:23:41Z INFO Listener] Arguments parsed
[2026-05-19 04:23:41Z INFO Runner] ExecuteCommand
[2026-05-19 04:23:41Z INFO ConfigurationStore] currentAssemblyLocation: C:\Code base\bugsense apr 24\studio\actions-runner\bin\Runner.Listener.dll
[2026-05-19 04:23:41Z INFO HostContext] Well known directory 'Bin': 'C:\Code base\bugsense apr 24\studio\actions-runner\bin'
[2026-05-19 04:23:41Z INFO ConfigurationStore] binPath: C:\Code base\bugsense apr 24\studio\actions-runner\bin
[2026-05-19 04:23:41Z INFO HostContext] Well known directory 'Bin': 'C:\Code base\bugsense apr 24\studio\actions-runner\bin'
[2026-05-19 04:23:41Z INFO HostContext] Well known directory 'Root': 'C:\Code base\bugsense apr 24\studio\actions-runner'
[2026-05-19 04:23:41Z INFO ConfigurationStore] RootFolder: C:\Code base\bugsense apr 24\studio\actions-runner
[2026-05-19 04:23:41Z INFO HostContext] Well known directory 'Bin': 'C:\Code base\bugsense apr 24\studio\actions-runner\bin'
[2026-05-19 04:23:41Z INFO HostContext] Well known directory 'Root': 'C:\Code base\bugsense apr 24\studio\actions-runner'
[2026-05-19 04:23:41Z INFO HostContext] Well known config file 'Runner': 'C:\Code base\bugsense apr 24\studio\actions-runner\.runner'
[2026-05-19 04:23:41Z INFO ConfigurationStore] ConfigFilePath: C:\Code base\bugsense apr 24\studio\actions-runner\.runner
[2026-05-19 04:23:41Z INFO HostContext] Well known directory 'Bin': 'C:\Code base\bugsense apr 24\studio\actions-runner\bin'
[2026-05-19 04:23:41Z INFO HostContext] Well known directory 'Root': 'C:\Code base\bugsense apr 24\studio\actions-runner'
[2026-05-19 04:23:41Z INFO HostContext] Well known config file 'Credentials': 'C:\Code base\bugsense apr 24\studio\actions-runner\.credentials'
[2026-05-19 04:23:41Z INFO ConfigurationStore] CredFilePath: C:\Code base\bugsense apr 24\studio\actions-runner\.credentials
[2026-05-19 04:23:41Z INFO HostContext] Well known directory 'Bin': 'C:\Code base\bugsense apr 24\studio\actions-runner\bin'
[2026-05-19 04:23:41Z INFO HostContext] Well known directory 'Root': 'C:\Code base\bugsense apr 24\studio\actions-runner'
[2026-05-19 04:23:41Z INFO HostContext] Well known config file 'MigratedCredentials': 'C:\Code base\bugsense apr 24\studio\actions-runner\.credentials_migrated'
[2026-05-19 04:23:41Z INFO ConfigurationStore] MigratedCredFilePath: C:\Code base\bugsense apr 24\studio\actions-runner\.credentials_migrated
[2026-05-19 04:23:41Z INFO HostContext] Well known directory 'Bin': 'C:\Code base\bugsense apr 24\studio\actions-runner\bin'
[2026-05-19 04:23:41Z INFO HostContext] Well known directory 'Root': 'C:\Code base\bugsense apr 24\studio\actions-runner'
[2026-05-19 04:23:41Z INFO HostContext] Well known config file 'Service': 'C:\Code base\bugsense apr 24\studio\actions-runner\.service'
[2026-05-19 04:23:41Z INFO ConfigurationStore] ServiceConfigFilePath: C:\Code base\bugsense apr 24\studio\actions-runner\.service
[2026-05-19 04:23:41Z INFO CommandSettings] Flag 'help': 'False'
[2026-05-19 04:23:41Z INFO CommandSettings] Flag 'version': 'False'
[2026-05-19 04:23:41Z INFO CommandSettings] Flag 'commit': 'False'
[2026-05-19 04:23:41Z INFO CommandSettings] Flag 'check': 'False'
[2026-05-19 04:23:41Z INFO CommandSettings] Command 'configure': 'True'
[2026-05-19 04:23:41Z INFO Terminal] WRITE LINE: 
[2026-05-19 04:23:42Z INFO Terminal] WRITE LINE: --------------------------------------------------------------------------------
[2026-05-19 04:23:42Z INFO Terminal] WRITE LINE: |        ____ _ _   _   _       _          _        _   _                      |
[2026-05-19 04:23:42Z INFO Terminal] WRITE LINE: |       / ___(_) |_| | | |_   _| |__      / \   ___| |_(_) ___  _ __  ___      |
[2026-05-19 04:23:42Z INFO Terminal] WRITE LINE: |      | |  _| | __| |_| | | | | '_ \    / _ \ / __| __| |/ _ \| '_ \/ __|     |
[2026-05-19 04:23:42Z INFO Terminal] WRITE LINE: |      | |_| | | |_|  _  | |_| | |_) |  / ___ \ (__| |_| | (_) | | | \__ \     |
[2026-05-19 04:23:42Z INFO Terminal] WRITE LINE: |       \____|_|\__|_| |_|\__,_|_.__/  /_/   \_\___|\__|_|\___/|_| |_|___/     |
[2026-05-19 04:23:42Z INFO Terminal] WRITE LINE: |                                                                              |
[2026-05-19 04:23:42Z INFO Terminal] WRITE: |                       
[2026-05-19 04:23:42Z INFO Terminal] WRITE: Self-hosted runner registration
[2026-05-19 04:23:42Z INFO Terminal] WRITE LINE:                         |
[2026-05-19 04:23:42Z INFO Terminal] WRITE LINE: |                                                                              |
[2026-05-19 04:23:42Z INFO Terminal] WRITE LINE: --------------------------------------------------------------------------------
[2026-05-19 04:23:42Z INFO ConfigurationManager] ConfigureAsync
[2026-05-19 04:23:42Z INFO CommandSettings] Flag 'generateServiceConfig': 'False'
[2026-05-19 04:23:42Z INFO ConfigurationStore] IsConfigured()
[2026-05-19 04:23:42Z INFO ConfigurationStore] IsConfigured: False
[2026-05-19 04:23:42Z INFO ConfigurationManager] Is configured: False
[2026-05-19 04:23:42Z INFO CommandSettings] Arg 'url': 'https://github.com/divagarkarunanidhi/studio'
[2026-05-19 04:23:42Z INFO CommandSettings] Remove url from Arg dictionary.
[2026-05-19 04:23:42Z INFO CommandSettings] Arg 'token': '***'
[2026-05-19 04:23:42Z INFO CommandSettings] Remove token from Arg dictionary.
[2026-05-19 04:24:12Z ERR  ConfigurationManager] Failed to get tenant credentials -- Attempt: 1
[2026-05-19 04:24:12Z ERR  ConfigurationManager] System.Net.Http.HttpRequestException: A connection attempt failed because the connected party did not properly respond after a period of time, or established connection failed because connected host has failed to respond. (api.github.com:443)
 ---> System.Net.Sockets.SocketException (10060): A connection attempt failed because the connected party did not properly respond after a period of time, or established connection failed because connected host has failed to respond.
   at System.Net.Sockets.Socket.AwaitableSocketAsyncEventArgs.ThrowException(SocketError error, CancellationToken cancellationToken)
   at System.Net.Sockets.Socket.AwaitableSocketAsyncEventArgs.System.Threading.Tasks.Sources.IValueTaskSource.GetResult(Int16 token)
   at System.Net.Sockets.Socket.<ConnectAsync>g__WaitForConnectWithCancellation|285_0(AwaitableSocketAsyncEventArgs saea, ValueTask connectTask, CancellationToken cancellationToken)
   at System.Net.Http.HttpConnectionPool.ConnectToTcpHostAsync(String host, Int32 port, HttpRequestMessage initialRequest, Boolean async, CancellationToken cancellationToken)
   --- End of inner exception stack trace ---
   at System.Net.Http.HttpConnectionPool.ConnectToTcpHostAsync(String host, Int32 port, HttpRequestMessage initialRequest, Boolean async, CancellationToken cancellationToken)
   at System.Net.Http.HttpConnectionPool.ConnectAsync(HttpRequestMessage request, Boolean async, CancellationToken cancellationToken)
   at System.Net.Http.HttpConnectionPool.CreateHttp11ConnectionAsync(HttpRequestMessage request, Boolean async, CancellationToken cancellationToken)
   at System.Net.Http.HttpConnectionPool.AddHttp11ConnectionAsync(QueueItem queueItem)
   at System.Threading.Tasks.TaskCompletionSourceWithCancellation`1.WaitWithCancellationAsync(CancellationToken cancellationToken)
   at System.Net.Http.HttpConnectionPool.SendWithVersionDetectionAndRetryAsync(HttpRequestMessage request, Boolean async, Boolean doRequestAuth, CancellationToken cancellationToken)
   at System.Net.Http.RedirectHandler.SendAsync(HttpRequestMessage request, Boolean async, CancellationToken cancellationToken)
   at System.Net.Http.HttpClient.<SendAsync>g__Core|83_0(HttpRequestMessage request, HttpCompletionOption completionOption, CancellationTokenSource cts, Boolean disposeCts, CancellationTokenSource pendingRequestsCts, CancellationToken originalCancellationToken)
   at GitHub.Runner.Listener.Configuration.ConfigurationManager.GetTenantCredential(String githubUrl, String githubToken, String runnerEvent)
[2026-05-19 04:24:12Z ERR  ConfigurationManager] #####################################################
[2026-05-19 04:24:12Z ERR  ConfigurationManager] System.Net.Sockets.SocketException (10060): A connection attempt failed because the connected party did not properly respond after a period of time, or established connection failed because connected host has failed to respond.
   at System.Net.Sockets.Socket.AwaitableSocketAsyncEventArgs.ThrowException(SocketError error, CancellationToken cancellationToken)
   at System.Net.Sockets.Socket.AwaitableSocketAsyncEventArgs.System.Threading.Tasks.Sources.IValueTaskSource.GetResult(Int16 token)
   at System.Net.Sockets.Socket.<ConnectAsync>g__WaitForConnectWithCancellation|285_0(AwaitableSocketAsyncEventArgs saea, ValueTask connectTask, CancellationToken cancellationToken)
   at System.Net.Http.HttpConnectionPool.ConnectToTcpHostAsync(String host, Int32 port, HttpRequestMessage initialRequest, Boolean async, CancellationToken cancellationToken)
[2026-05-19 04:24:12Z INFO ConfigurationManager] Retrying in 3 seconds
[2026-05-19 04:24:36Z ERR  ConfigurationManager] Failed to get tenant credentials -- Attempt: 2
[2026-05-19 04:24:36Z ERR  ConfigurationManager] System.Net.Http.HttpRequestException: A connection attempt failed because the connected party did not properly respond after a period of time, or established connection failed because connected host has failed to respond. (api.github.com:443)
 ---> System.Net.Sockets.SocketException (10060): A connection attempt failed because the connected party did not properly respond after a period of time, or established connection failed because connected host has failed to respond.
   at System.Net.Sockets.Socket.AwaitableSocketAsyncEventArgs.ThrowException(SocketError error, CancellationToken cancellationToken)
   at System.Net.Sockets.Socket.AwaitableSocketAsyncEventArgs.System.Threading.Tasks.Sources.IValueTaskSource.GetResult(Int16 token)
   at System.Net.Sockets.Socket.<ConnectAsync>g__WaitForConnectWithCancellation|285_0(AwaitableSocketAsyncEventArgs saea, ValueTask connectTask, CancellationToken cancellationToken)
   at System.Net.Http.HttpConnectionPool.ConnectToTcpHostAsync(String host, Int32 port, HttpRequestMessage initialRequest, Boolean async, CancellationToken cancellationToken)
   --- End of inner exception stack trace ---
   at System.Net.Http.HttpConnectionPool.ConnectToTcpHostAsync(String host, Int32 port, HttpRequestMessage initialRequest, Boolean async, CancellationToken cancellationToken)
   at System.Net.Http.HttpConnectionPool.ConnectAsync(HttpRequestMessage request, Boolean async, CancellationToken cancellationToken)
   at System.Net.Http.HttpConnectionPool.CreateHttp11ConnectionAsync(HttpRequestMessage request, Boolean async, CancellationToken cancellationToken)
   at System.Net.Http.HttpConnectionPool.AddHttp11ConnectionAsync(QueueItem queueItem)
   at System.Threading.Tasks.TaskCompletionSourceWithCancellation`1.WaitWithCancellationAsync(CancellationToken cancellationToken)
   at System.Net.Http.HttpConnectionPool.SendWithVersionDetectionAndRetryAsync(HttpRequestMessage request, Boolean async, Boolean doRequestAuth, CancellationToken cancellationToken)
   at System.Net.Http.RedirectHandler.SendAsync(HttpRequestMessage request, Boolean async, CancellationToken cancellationToken)
   at System.Net.Http.HttpClient.<SendAsync>g__Core|83_0(HttpRequestMessage request, HttpCompletionOption completionOption, CancellationTokenSource cts, Boolean disposeCts, CancellationTokenSource pendingRequestsCts, CancellationToken originalCancellationToken)
   at GitHub.Runner.Listener.Configuration.ConfigurationManager.GetTenantCredential(String githubUrl, String githubToken, String runnerEvent)
[2026-05-19 04:24:36Z ERR  ConfigurationManager] #####################################################
[2026-05-19 04:24:36Z ERR  ConfigurationManager] System.Net.Sockets.SocketException (10060): A connection attempt failed because the connected party did not properly respond after a period of time, or established connection failed because connected host has failed to respond.
   at System.Net.Sockets.Socket.AwaitableSocketAsyncEventArgs.ThrowException(SocketError error, CancellationToken cancellationToken)
   at System.Net.Sockets.Socket.AwaitableSocketAsyncEventArgs.System.Threading.Tasks.Sources.IValueTaskSource.GetResult(Int16 token)
   at System.Net.Sockets.Socket.<ConnectAsync>g__WaitForConnectWithCancellation|285_0(AwaitableSocketAsyncEventArgs saea, ValueTask connectTask, CancellationToken cancellationToken)
   at System.Net.Http.HttpConnectionPool.ConnectToTcpHostAsync(String host, Int32 port, HttpRequestMessage initialRequest, Boolean async, CancellationToken cancellationToken)
[2026-05-19 04:24:36Z INFO ConfigurationManager] Retrying in 2 seconds
[2026-05-19 04:24:59Z ERR  Runner] System.Net.Http.HttpRequestException: A connection attempt failed because the connected party did not properly respond after a period of time, or established connection failed because connected host has failed to respond. (api.github.com:443)
 ---> System.Net.Sockets.SocketException (10060): A connection attempt failed because the connected party did not properly respond after a period of time, or established connection failed because connected host has failed to respond.
   at System.Net.Sockets.Socket.AwaitableSocketAsyncEventArgs.ThrowException(SocketError error, CancellationToken cancellationToken)
   at System.Net.Sockets.Socket.AwaitableSocketAsyncEventArgs.System.Threading.Tasks.Sources.IValueTaskSource.GetResult(Int16 token)
   at System.Net.Sockets.Socket.<ConnectAsync>g__WaitForConnectWithCancellation|285_0(AwaitableSocketAsyncEventArgs saea, ValueTask connectTask, CancellationToken cancellationToken)
   at System.Net.Http.HttpConnectionPool.ConnectToTcpHostAsync(String host, Int32 port, HttpRequestMessage initialRequest, Boolean async, CancellationToken cancellationToken)
   --- End of inner exception stack trace ---
   at System.Net.Http.HttpConnectionPool.ConnectToTcpHostAsync(String host, Int32 port, HttpRequestMessage initialRequest, Boolean async, CancellationToken cancellationToken)
   at System.Net.Http.HttpConnectionPool.ConnectAsync(HttpRequestMessage request, Boolean async, CancellationToken cancellationToken)
   at System.Net.Http.HttpConnectionPool.CreateHttp11ConnectionAsync(HttpRequestMessage request, Boolean async, CancellationToken cancellationToken)
   at System.Net.Http.HttpConnectionPool.AddHttp11ConnectionAsync(QueueItem queueItem)
   at System.Threading.Tasks.TaskCompletionSourceWithCancellation`1.WaitWithCancellationAsync(CancellationToken cancellationToken)
   at System.Net.Http.HttpConnectionPool.SendWithVersionDetectionAndRetryAsync(HttpRequestMessage request, Boolean async, Boolean doRequestAuth, CancellationToken cancellationToken)
   at System.Net.Http.RedirectHandler.SendAsync(HttpRequestMessage request, Boolean async, CancellationToken cancellationToken)
   at System.Net.Http.HttpClient.<SendAsync>g__Core|83_0(HttpRequestMessage request, HttpCompletionOption completionOption, CancellationTokenSource cts, Boolean disposeCts, CancellationTokenSource pendingRequestsCts, CancellationToken originalCancellationToken)
   at GitHub.Runner.Listener.Configuration.ConfigurationManager.GetTenantCredential(String githubUrl, String githubToken, String runnerEvent)
   at GitHub.Runner.Listener.Configuration.ConfigurationManager.ConfigureAsync(CommandSettings command)
   at GitHub.Runner.Listener.Runner.ExecuteCommand(CommandSettings command)
[2026-05-19 04:24:59Z ERR  Runner] #####################################################
[2026-05-19 04:24:59Z ERR  Runner] System.Net.Sockets.SocketException (10060): A connection attempt failed because the connected party did not properly respond after a period of time, or established connection failed because connected host has failed to respond.
   at System.Net.Sockets.Socket.AwaitableSocketAsyncEventArgs.ThrowException(SocketError error, CancellationToken cancellationToken)
   at System.Net.Sockets.Socket.AwaitableSocketAsyncEventArgs.System.Threading.Tasks.Sources.IValueTaskSource.GetResult(Int16 token)
   at System.Net.Sockets.Socket.<ConnectAsync>g__WaitForConnectWithCancellation|285_0(AwaitableSocketAsyncEventArgs saea, ValueTask connectTask, CancellationToken cancellationToken)
   at System.Net.Http.HttpConnectionPool.ConnectToTcpHostAsync(String host, Int32 port, HttpRequestMessage initialRequest, Boolean async, CancellationToken cancellationToken)
[2026-05-19 04:24:59Z ERR  Terminal] WRITE ERROR: A connection attempt failed because the connected party did not properly respond after a period of time, or established connection failed because connected host has failed to respond. (api.github.com:443)
[2026-05-19 04:24:59Z INFO Listener] Runner execution has finished with return code 1
